[INFO] Scanning for projects...
[INJECT-PROBE] added local-probe-dep to fixture
[INFO] 
[INFO] ---------------------< com.basquin.spike:fixture >----------------------
[INFO] Building fixture 1.0.0-SNAPSHOT
[INFO]   from pom.xml
[INFO] ------------------------------[ quarkus ]-------------------------------
[INFO] 
[INFO] --- resources:3.3.1:resources (default-resources) @ fixture ---
[INFO] Copying 1 resource from src/main/resources to target/classes
[INFO] 
[INFO] --- quarkus:3.37.3:generate-code (default-generate-code) @ fixture ---
[INFO] 
[INFO] --- compiler:3.15.0:compile (default-compile) @ fixture ---
[INFO] Nothing to compile - all classes are up to date.
[INFO] 
[INFO] --- resources:3.3.1:testResources (default-testResources) @ fixture ---
[INFO] skip non existing resourceDirectory /w/src/test/resources
[INFO] 
[INFO] --- quarkus:3.37.3:generate-code-tests (default-generate-code-tests) @ fixture ---
[INFO] 
[INFO] --- compiler:3.15.0:testCompile (default-testCompile) @ fixture ---
[INFO] No sources to compile
[INFO] 
[INFO] --- surefire:3.5.6:test (default-test) @ fixture ---
[INFO] Tests are skipped.
[INFO] 
[INFO] --- quarkus:3.37.3:build (default-build) @ fixture ---
[INFO] [io.quarkus.deployment.QuarkusAugmentor] Quarkus augmentation completed in 10277ms
[INFO] ------------------------------------------------------------------------
[INFO] BUILD SUCCESS
[INFO] ------------------------------------------------------------------------
[INFO] Total time:  44.136 s
[INFO] Finished at: 2026-07-24T21:41:12Z
[INFO] ------------------------------------------------------------------------
