[INFO] Scanning for projects...
[INJECT-PROBE] added quarkus-smallrye-openapi to fixture
[INFO] 
[INFO] ---------------------< com.basquin.spike:fixture >----------------------
[INFO] Building fixture 1.0.0-SNAPSHOT
[INFO]   from pom.xml
[INFO] ------------------------------[ quarkus ]-------------------------------
[INFO] Downloading from central: https://repo.maven.apache.org/maven2/io/quarkus/quarkus-smallrye-openapi/3.37.3/quarkus-smallrye-openapi-3.37.3.pom
[INFO] Downloaded from central: https://repo.maven.apache.org/maven2/io/quarkus/quarkus-smallrye-openapi/3.37.3/quarkus-smallrye-openapi-3.37.3.pom (2.9 kB at 3.1 kB/s)
[INFO] Downloading from central: https://repo.maven.apache.org/maven2/io/quarkus/quarkus-smallrye-openapi-parent/3.37.3/quarkus-smallrye-openapi-parent-3.37.3.pom
[INFO] Downloaded from central: https://repo.maven.apache.org/maven2/io/quarkus/quarkus-smallrye-openapi-parent/3.37.3/quarkus-smallrye-openapi-parent-3.37.3.pom (772 B at 12 kB/s)
[INFO] Downloading from central: https://repo.maven.apache.org/maven2/io/smallrye/smallrye-open-api-core/4.3.3/smallrye-open-api-core-4.3.3.pom
[INFO] Downloaded from central: https://repo.maven.apache.org/maven2/io/smallrye/smallrye-open-api-core/4.3.3/smallrye-open-api-core-4.3.3.pom (9.9 kB at 152 kB/s)
[INFO] Downloading from central: https://repo.maven.apache.org/maven2/io/smallrye/smallrye-open-api-parent/4.3.3/smallrye-open-api-parent-4.3.3.pom
[INFO] Downloaded from central: https://repo.maven.apache.org/maven2/io/smallrye/smallrye-open-api-parent/4.3.3/smallrye-open-api-parent-4.3.3.pom (20 kB at 292 kB/s)
[INFO] Downloading from central: https://repo.maven.apache.org/maven2/com/fasterxml/jackson/jackson-bom/2.21.3/jackson-bom-2.21.3.pom
[INFO] Downloaded from central: https://repo.maven.apache.org/maven2/com/fasterxml/jackson/jackson-bom/2.21.3/jackson-bom-2.21.3.pom (20 kB at 293 kB/s)
[INFO] Downloading from central: https://repo.maven.apache.org/maven2/jakarta/platform/jakarta.jakartaee-bom/10.0.0/jakarta.jakartaee-bom-10.0.0.pom
[INFO] Downloaded from central: https://repo.maven.apache.org/maven2/jakarta/platform/jakarta.jakartaee-bom/10.0.0/jakarta.jakartaee-bom-10.0.0.pom (14 kB at 183 kB/s)
[INFO] Downloading from central: https://repo.maven.apache.org/maven2/jakarta/platform/jakartaee-api-parent/10.0.0/jakartaee-api-parent-10.0.0.pom
[INFO] Downloaded from central: https://repo.maven.apache.org/maven2/jakarta/platform/jakartaee-api-parent/10.0.0/jakartaee-api-parent-10.0.0.pom (15 kB at 194 kB/s)
[INFO] Downloading from central: https://repo.maven.apache.org/maven2/org/eclipse/jetty/jetty-bom/11.0.24/jetty-bom-11.0.24.pom
[INFO] Downloaded from central: https://repo.maven.apache.org/maven2/org/eclipse/jetty/jetty-bom/11.0.24/jetty-bom-11.0.24.pom (19 kB at 244 kB/s)
[INFO] Downloading from central: https://repo.maven.apache.org/maven2/org/jboss/resteasy/resteasy-bom/7.0.2.Final/resteasy-bom-7.0.2.Final.pom
[INFO] Downloaded from central: https://repo.maven.apache.org/maven2/org/jboss/resteasy/resteasy-bom/7.0.2.Final/resteasy-bom-7.0.2.Final.pom (10 kB at 131 kB/s)
[INFO] Downloading from central: https://repo.maven.apache.org/maven2/org/eclipse/microprofile/openapi/microprofile-openapi-api/4.1.1/microprofile-openapi-api-4.1.1.pom
[INFO] Downloaded from central: https://repo.maven.apache.org/maven2/org/eclipse/microprofile/openapi/microprofile-openapi-api/4.1.1/microprofile-openapi-api-4.1.1.pom (2.1 kB at 28 kB/s)
[INFO] Downloading from central: https://repo.maven.apache.org/maven2/org/eclipse/microprofile/openapi/microprofile-openapi-parent/4.1.1/microprofile-openapi-parent-4.1.1.pom
[INFO] Downloaded from central: https://repo.maven.apache.org/maven2/org/eclipse/microprofile/openapi/microprofile-openapi-parent/4.1.1/microprofile-openapi-parent-4.1.1.pom (4.4 kB at 56 kB/s)
[INFO] Downloading from central: https://repo.maven.apache.org/maven2/io/smallrye/smallrye-open-api-model/4.3.3/smallrye-open-api-model-4.3.3.pom
[INFO] Downloaded from central: https://repo.maven.apache.org/maven2/io/smallrye/smallrye-open-api-model/4.3.3/smallrye-open-api-model-4.3.3.pom (2.6 kB at 35 kB/s)
[INFO] Downloading from central: https://repo.maven.apache.org/maven2/io/quarkus/quarkus-swagger-ui/3.37.3/quarkus-swagger-ui-3.37.3.pom
[INFO] Downloaded from central: https://repo.maven.apache.org/maven2/io/quarkus/quarkus-swagger-ui/3.37.3/quarkus-swagger-ui-3.37.3.pom (2.1 kB at 29 kB/s)
[INFO] Downloading from central: https://repo.maven.apache.org/maven2/io/quarkus/quarkus-swagger-ui-parent/3.37.3/quarkus-swagger-ui-parent-3.37.3.pom
[INFO] Downloaded from central: https://repo.maven.apache.org/maven2/io/quarkus/quarkus-swagger-ui-parent/3.37.3/quarkus-swagger-ui-parent-3.37.3.pom (744 B at 11 kB/s)
[INFO] Downloading from central: https://repo.maven.apache.org/maven2/io/quarkus/quarkus-smallrye-openapi/3.37.3/quarkus-smallrye-openapi-3.37.3.jar
[INFO] Downloaded from central: https://repo.maven.apache.org/maven2/io/quarkus/quarkus-smallrye-openapi/3.37.3/quarkus-smallrye-openapi-3.37.3.jar (48 kB at 655 kB/s)
[INFO] Downloading from central: https://repo.maven.apache.org/maven2/io/smallrye/smallrye-open-api-core/4.3.3/smallrye-open-api-core-4.3.3.jar
[INFO] Downloading from central: https://repo.maven.apache.org/maven2/org/eclipse/microprofile/openapi/microprofile-openapi-api/4.1.1/microprofile-openapi-api-4.1.1.jar
[INFO] Downloading from central: https://repo.maven.apache.org/maven2/io/smallrye/smallrye-open-api-model/4.3.3/smallrye-open-api-model-4.3.3.jar
[INFO] Downloading from central: https://repo.maven.apache.org/maven2/io/quarkus/quarkus-swagger-ui/3.37.3/quarkus-swagger-ui-3.37.3.jar
[INFO] Downloaded from central: https://repo.maven.apache.org/maven2/io/smallrye/smallrye-open-api-model/4.3.3/smallrye-open-api-model-4.3.3.jar (36 kB at 484 kB/s)
[INFO] Downloaded from central: https://repo.maven.apache.org/maven2/io/quarkus/quarkus-swagger-ui/3.37.3/quarkus-swagger-ui-3.37.3.jar (11 kB at 80 kB/s)
[INFO] Downloaded from central: https://repo.maven.apache.org/maven2/org/eclipse/microprofile/openapi/microprofile-openapi-api/4.1.1/microprofile-openapi-api-4.1.1.jar (113 kB at 570 kB/s)
[INFO] Downloaded from central: https://repo.maven.apache.org/maven2/io/smallrye/smallrye-open-api-core/4.3.3/smallrye-open-api-core-4.3.3.jar (647 kB at 2.4 MB/s)
[INFO] 
[INFO] --- resources:3.3.1:resources (default-resources) @ fixture ---
[INFO] Copying 1 resource from src/main/resources to target/classes
[INFO] 
[INFO] --- quarkus:3.37.3:generate-code (default-generate-code) @ fixture ---
[INFO] Downloading from central: https://repo.maven.apache.org/maven2/io/quarkus/quarkus-smallrye-openapi-deployment/3.37.3/quarkus-smallrye-openapi-deployment-3.37.3.pom
[INFO] Downloaded from central: https://repo.maven.apache.org/maven2/io/quarkus/quarkus-smallrye-openapi-deployment/3.37.3/quarkus-smallrye-openapi-deployment-3.37.3.pom (6.6 kB at 84 kB/s)
[INFO] Downloading from central: https://repo.maven.apache.org/maven2/io/quarkus/quarkus-smallrye-openapi-spi/3.37.3/quarkus-smallrye-openapi-spi-3.37.3.pom
[INFO] Downloaded from central: https://repo.maven.apache.org/maven2/io/quarkus/quarkus-smallrye-openapi-spi/3.37.3/quarkus-smallrye-openapi-spi-3.37.3.pom (928 B at 13 kB/s)
[INFO] Downloading from central: https://repo.maven.apache.org/maven2/io/quarkus/quarkus-resteasy-server-common-spi/3.37.3/quarkus-resteasy-server-common-spi-3.37.3.pom
[INFO] Downloaded from central: https://repo.maven.apache.org/maven2/io/quarkus/quarkus-resteasy-server-common-spi/3.37.3/quarkus-resteasy-server-common-spi-3.37.3.pom (892 B at 13 kB/s)
[INFO] Downloading from central: https://repo.maven.apache.org/maven2/io/quarkus/quarkus-resteasy-server-common-parent/3.37.3/quarkus-resteasy-server-common-parent-3.37.3.pom
[INFO] Downloaded from central: https://repo.maven.apache.org/maven2/io/quarkus/quarkus-resteasy-server-common-parent/3.37.3/quarkus-resteasy-server-common-parent-3.37.3.pom (815 B at 12 kB/s)
[INFO] Downloading from central: https://repo.maven.apache.org/maven2/io/quarkus/quarkus-resteasy-parent-aggregator/3.37.3/quarkus-resteasy-parent-aggregator-3.37.3.pom
[INFO] Downloaded from central: https://repo.maven.apache.org/maven2/io/quarkus/quarkus-resteasy-parent-aggregator/3.37.3/quarkus-resteasy-parent-aggregator-3.37.3.pom (1.4 kB at 22 kB/s)
[INFO] Downloading from central: https://repo.maven.apache.org/maven2/io/quarkus/quarkus-resteasy-common-spi/3.37.3/quarkus-resteasy-common-spi-3.37.3.pom
[INFO] Downloaded from central: https://repo.maven.apache.org/maven2/io/quarkus/quarkus-resteasy-common-spi/3.37.3/quarkus-resteasy-common-spi-3.37.3.pom (779 B at 12 kB/s)
[INFO] Downloading from central: https://repo.maven.apache.org/maven2/io/quarkus/quarkus-resteasy-common-parent/3.37.3/quarkus-resteasy-common-parent-3.37.3.pom
[INFO] Downloaded from central: https://repo.maven.apache.org/maven2/io/quarkus/quarkus-resteasy-common-parent/3.37.3/quarkus-resteasy-common-parent-3.37.3.pom (801 B at 12 kB/s)
[INFO] Downloading from central: https://repo.maven.apache.org/maven2/io/quarkus/quarkus-smallrye-openapi-common-deployment/3.37.3/quarkus-smallrye-openapi-common-deployment-3.37.3.pom
[INFO] Downloaded from central: https://repo.maven.apache.org/maven2/io/quarkus/quarkus-smallrye-openapi-common-deployment/3.37.3/quarkus-smallrye-openapi-common-deployment-3.37.3.pom (1.7 kB at 24 kB/s)
[INFO] Downloading from central: https://repo.maven.apache.org/maven2/io/quarkus/quarkus-smallrye-openapi-common-parent/3.37.3/quarkus-smallrye-openapi-common-parent-3.37.3.pom
[INFO] Downloaded from central: https://repo.maven.apache.org/maven2/io/quarkus/quarkus-smallrye-openapi-common-parent/3.37.3/quarkus-smallrye-openapi-common-parent-3.37.3.pom (738 B at 12 kB/s)
[INFO] Downloading from central: https://repo.maven.apache.org/maven2/io/quarkus/quarkus-swagger-ui-deployment/3.37.3/quarkus-swagger-ui-deployment-3.37.3.pom
[INFO] Downloaded from central: https://repo.maven.apache.org/maven2/io/quarkus/quarkus-swagger-ui-deployment/3.37.3/quarkus-swagger-ui-deployment-3.37.3.pom (2.7 kB at 43 kB/s)
[INFO] Downloading from central: https://repo.maven.apache.org/maven2/io/smallrye/smallrye-open-api-ui/4.3.3/smallrye-open-api-ui-4.3.3.pom
[INFO] Downloaded from central: https://repo.maven.apache.org/maven2/io/smallrye/smallrye-open-api-ui/4.3.3/smallrye-open-api-ui-4.3.3.pom (6.3 kB at 86 kB/s)
[INFO] Downloading from central: https://repo.maven.apache.org/maven2/io/smallrye/smallrye-open-api-ui-parent/4.3.3/smallrye-open-api-ui-parent-4.3.3.pom
[INFO] Downloaded from central: https://repo.maven.apache.org/maven2/io/smallrye/smallrye-open-api-ui-parent/4.3.3/smallrye-open-api-ui-parent-4.3.3.pom (654 B at 11 kB/s)
[INFO] Downloading from central: https://repo.maven.apache.org/maven2/io/quarkus/quarkus-smallrye-openapi-dev/3.37.3/quarkus-smallrye-openapi-dev-3.37.3.pom
[INFO] Downloaded from central: https://repo.maven.apache.org/maven2/io/quarkus/quarkus-smallrye-openapi-dev/3.37.3/quarkus-smallrye-openapi-dev-3.37.3.pom (1.1 kB at 17 kB/s)
[INFO] Downloading from central: https://repo.maven.apache.org/maven2/io/quarkus/quarkus-assistant-dev/3.37.3/quarkus-assistant-dev-3.37.3.pom
[INFO] Downloaded from central: https://repo.maven.apache.org/maven2/io/quarkus/quarkus-assistant-dev/3.37.3/quarkus-assistant-dev-3.37.3.pom (638 B at 10.0 kB/s)
[INFO] Downloading from central: https://repo.maven.apache.org/maven2/io/quarkus/quarkus-assistant-parent/3.37.3/quarkus-assistant-parent-3.37.3.pom
[INFO] Downloaded from central: https://repo.maven.apache.org/maven2/io/quarkus/quarkus-assistant-parent/3.37.3/quarkus-assistant-parent-3.37.3.pom (818 B at 13 kB/s)
[INFO] Downloading from central: https://repo.maven.apache.org/maven2/io/smallrye/smallrye-open-api-jaxrs/4.3.3/smallrye-open-api-jaxrs-4.3.3.pom
[INFO] Downloaded from central: https://repo.maven.apache.org/maven2/io/smallrye/smallrye-open-api-jaxrs/4.3.3/smallrye-open-api-jaxrs-4.3.3.pom (6.5 kB at 103 kB/s)
[INFO] Downloading from central: https://repo.maven.apache.org/maven2/io/smallrye/smallrye-open-api-spring/4.3.3/smallrye-open-api-spring-4.3.3.pom
[INFO] Downloaded from central: https://repo.maven.apache.org/maven2/io/smallrye/smallrye-open-api-spring/4.3.3/smallrye-open-api-spring-4.3.3.pom (4.9 kB at 74 kB/s)
[INFO] Downloading from central: https://repo.maven.apache.org/maven2/io/smallrye/smallrye-open-api-vertx/4.3.3/smallrye-open-api-vertx-4.3.3.pom
[INFO] Downloaded from central: https://repo.maven.apache.org/maven2/io/smallrye/smallrye-open-api-vertx/4.3.3/smallrye-open-api-vertx-4.3.3.pom (3.3 kB at 50 kB/s)
[INFO] Downloading from central: https://repo.maven.apache.org/maven2/org/jetbrains/kotlinx/kotlinx-metadata-jvm/0.9.0/kotlinx-metadata-jvm-0.9.0.pom
[INFO] Downloaded from central: https://repo.maven.apache.org/maven2/org/jetbrains/kotlinx/kotlinx-metadata-jvm/0.9.0/kotlinx-metadata-jvm-0.9.0.pom (1.4 kB at 17 kB/s)
[INFO] Downloading from central: https://repo.maven.apache.org/maven2/org/jetbrains/kotlin/kotlin-stdlib/2.4.0/kotlin-stdlib-2.4.0.pom
[INFO] Downloaded from central: https://repo.maven.apache.org/maven2/org/jetbrains/kotlin/kotlin-stdlib/2.4.0/kotlin-stdlib-2.4.0.pom (2.3 kB at 27 kB/s)
[INFO] Downloading from central: https://repo.maven.apache.org/maven2/org/jetbrains/annotations/26.1.0/annotations-26.1.0.pom
[INFO] Downloaded from central: https://repo.maven.apache.org/maven2/org/jetbrains/annotations/26.1.0/annotations-26.1.0.pom (1.7 kB at 22 kB/s)
[INFO] Downloading from central: https://repo.maven.apache.org/maven2/io/quarkus/quarkus-smallrye-openapi-deployment/3.37.3/quarkus-smallrye-openapi-deployment-3.37.3.jar
[INFO] Downloading from central: https://repo.maven.apache.org/maven2/io/quarkus/quarkus-smallrye-openapi-spi/3.37.3/quarkus-smallrye-openapi-spi-3.37.3.jar
[INFO] Downloading from central: https://repo.maven.apache.org/maven2/io/quarkus/quarkus-resteasy-server-common-spi/3.37.3/quarkus-resteasy-server-common-spi-3.37.3.jar
[INFO] Downloading from central: https://repo.maven.apache.org/maven2/io/quarkus/quarkus-resteasy-common-spi/3.37.3/quarkus-resteasy-common-spi-3.37.3.jar
[INFO] Downloading from central: https://repo.maven.apache.org/maven2/io/quarkus/quarkus-smallrye-openapi-common-deployment/3.37.3/quarkus-smallrye-openapi-common-deployment-3.37.3.jar
[INFO] Downloading from central: https://repo.maven.apache.org/maven2/io/quarkus/quarkus-swagger-ui-deployment/3.37.3/quarkus-swagger-ui-deployment-3.37.3.jar
[INFO] Downloading from central: https://repo.maven.apache.org/maven2/io/smallrye/smallrye-open-api-ui/4.3.3/smallrye-open-api-ui-4.3.3.jar
[INFO] Downloaded from central: https://repo.maven.apache.org/maven2/io/quarkus/quarkus-smallrye-openapi-deployment/3.37.3/quarkus-smallrye-openapi-deployment-3.37.3.jar (93 kB at 1.3 MB/s)
[INFO] Downloaded from central: https://repo.maven.apache.org/maven2/io/quarkus/quarkus-smallrye-openapi-spi/3.37.3/quarkus-smallrye-openapi-spi-3.37.3.jar (9.5 kB at 126 kB/s)
[INFO] Downloaded from central: https://repo.maven.apache.org/maven2/io/quarkus/quarkus-smallrye-openapi-common-deployment/3.37.3/quarkus-smallrye-openapi-common-deployment-3.37.3.jar (22 kB at 274 kB/s)
[INFO] Downloaded from central: https://repo.maven.apache.org/maven2/io/quarkus/quarkus-resteasy-server-common-spi/3.37.3/quarkus-resteasy-server-common-spi-3.37.3.jar (9.3 kB at 111 kB/s)
[INFO] Downloading from central: https://repo.maven.apache.org/maven2/io/quarkus/quarkus-smallrye-openapi-dev/3.37.3/quarkus-smallrye-openapi-dev-3.37.3.jar
[INFO] Downloading from central: https://repo.maven.apache.org/maven2/io/quarkus/quarkus-assistant-dev/3.37.3/quarkus-assistant-dev-3.37.3.jar
[INFO] Downloading from central: https://repo.maven.apache.org/maven2/io/smallrye/smallrye-open-api-jaxrs/4.3.3/smallrye-open-api-jaxrs-4.3.3.jar
[INFO] Downloading from central: https://repo.maven.apache.org/maven2/io/smallrye/smallrye-open-api-spring/4.3.3/smallrye-open-api-spring-4.3.3.jar
[INFO] Downloaded from central: https://repo.maven.apache.org/maven2/io/quarkus/quarkus-resteasy-common-spi/3.37.3/quarkus-resteasy-common-spi-3.37.3.jar (14 kB at 94 kB/s)
[INFO] Downloaded from central: https://repo.maven.apache.org/maven2/io/quarkus/quarkus-swagger-ui-deployment/3.37.3/quarkus-swagger-ui-deployment-3.37.3.jar (32 kB at 216 kB/s)
[INFO] Downloaded from central: https://repo.maven.apache.org/maven2/io/quarkus/quarkus-smallrye-openapi-dev/3.37.3/quarkus-smallrye-openapi-dev-3.37.3.jar (9.5 kB at 112 kB/s)
[INFO] Downloading from central: https://repo.maven.apache.org/maven2/io/smallrye/smallrye-open-api-vertx/4.3.3/smallrye-open-api-vertx-4.3.3.jar
[INFO] Downloaded from central: https://repo.maven.apache.org/maven2/io/quarkus/quarkus-assistant-dev/3.37.3/quarkus-assistant-dev-3.37.3.jar (9.0 kB at 112 kB/s)
[INFO] Downloading from central: https://repo.maven.apache.org/maven2/org/jetbrains/kotlinx/kotlinx-metadata-jvm/0.9.0/kotlinx-metadata-jvm-0.9.0.jar
[INFO] Downloaded from central: https://repo.maven.apache.org/maven2/io/smallrye/smallrye-open-api-jaxrs/4.3.3/smallrye-open-api-jaxrs-4.3.3.jar (36 kB at 364 kB/s)
[INFO] Downloaded from central: https://repo.maven.apache.org/maven2/io/smallrye/smallrye-open-api-spring/4.3.3/smallrye-open-api-spring-4.3.3.jar (25 kB at 244 kB/s)
[INFO] Downloading from central: https://repo.maven.apache.org/maven2/org/jetbrains/annotations/26.1.0/annotations-26.1.0.jar
[INFO] Downloading from central: https://repo.maven.apache.org/maven2/org/jetbrains/kotlin/kotlin-stdlib/2.4.0/kotlin-stdlib-2.4.0.jar
[INFO] Downloaded from central: https://repo.maven.apache.org/maven2/io/smallrye/smallrye-open-api-vertx/4.3.3/smallrye-open-api-vertx-4.3.3.jar (21 kB at 228 kB/s)
[INFO] Downloaded from central: https://repo.maven.apache.org/maven2/io/smallrye/smallrye-open-api-ui/4.3.3/smallrye-open-api-ui-4.3.3.jar (1.3 MB at 4.7 MB/s)
[INFO] Downloaded from central: https://repo.maven.apache.org/maven2/org/jetbrains/annotations/26.1.0/annotations-26.1.0.jar (31 kB at 384 kB/s)
[INFO] Downloaded from central: https://repo.maven.apache.org/maven2/org/jetbrains/kotlin/kotlin-stdlib/2.4.0/kotlin-stdlib-2.4.0.jar (1.8 MB at 8.2 MB/s)
[INFO] Downloaded from central: https://repo.maven.apache.org/maven2/org/jetbrains/kotlinx/kotlinx-metadata-jvm/0.9.0/kotlinx-metadata-jvm-0.9.0.jar (1.1 MB at 3.8 MB/s)
[INFO] 
[INFO] --- compiler:3.15.0:compile (default-compile) @ fixture ---
[INFO] Nothing to compile - all classes are up to date.
[INFO] 
[INFO] --- resources:3.3.1:testResources (default-testResources) @ fixture ---
[INFO] skip non existing resourceDirectory /w/src/test/resources
[INFO] 
[INFO] --- quarkus:3.37.3:generate-code-tests (default-generate-code-tests) @ fixture ---
[INFO] 
[INFO] --- compiler:3.15.0:testCompile (default-testCompile) @ fixture ---
[INFO] No sources to compile
[INFO] 
[INFO] --- surefire:3.5.6:test (default-test) @ fixture ---
[INFO] Tests are skipped.
[INFO] 
[INFO] --- quarkus:3.37.3:build (default-build) @ fixture ---
[INFO] [io.quarkus.deployment.QuarkusAugmentor] Quarkus augmentation completed in 11102ms
[INFO] ------------------------------------------------------------------------
[INFO] BUILD SUCCESS
[INFO] ------------------------------------------------------------------------
[INFO] Total time:  53.079 s
[INFO] Finished at: 2026-07-24T21:17:36Z
[INFO] ------------------------------------------------------------------------
