+ docker run --rm -v $SPIKE_DIR/s4-injection/probe-participant:/w -w /w -v $SPIKE_DIR/.m2:/m2 -u $(id -u):$(id -g) -e MAVEN_OPTS="-Duser.home=/m2" maven:3.9-eclipse-temurin-17 mvn -B package
mkdir: cannot create directory ‘/root’: Permission denied
Can not write to /root/.m2/copy_reference_file.log. Wrong volume permissions? Carrying on ...
[INFO] Scanning for projects...
[INFO] 
[INFO] -------------------< com.basquin.spike:inject-probe >-------------------
[INFO] Building inject-probe 1.0
[INFO]   from pom.xml
[INFO] --------------------------------[ jar ]---------------------------------
[INFO] 
[INFO] --- resources:3.4.0:resources (default-resources) @ inject-probe ---
[WARNING] Using platform encoding (UTF-8 actually) to copy filtered resources, i.e. build is platform dependent!
[INFO] skip non existing resourceDirectory /w/src/main/resources
[INFO] 
[INFO] --- compiler:3.15.0:compile (default-compile) @ inject-probe ---
[INFO] Recompiling the module because of changed source code.
[WARNING] File encoding has not been set, using platform encoding UTF-8, i.e. build is platform dependent!
[INFO] Compiling 1 source file with javac [debug release 17] to target/classes
[INFO] 
[INFO] --- plexus-component-metadata:2.1.1:generate-metadata (default) @ inject-probe ---
[INFO] 
[INFO] --- resources:3.4.0:testResources (default-testResources) @ inject-probe ---
[WARNING] Using platform encoding (UTF-8 actually) to copy filtered resources, i.e. build is platform dependent!
[INFO] skip non existing resourceDirectory /w/src/test/resources
[INFO] 
[INFO] --- compiler:3.15.0:testCompile (default-testCompile) @ inject-probe ---
[INFO] No sources to compile
[INFO] 
[INFO] --- surefire:3.5.4:test (default-test) @ inject-probe ---
[INFO] No tests to run.
[INFO] 
[INFO] --- jar:3.5.0:jar (default-jar) @ inject-probe ---
[INFO] Building jar: /w/target/inject-probe-1.0.jar
[INFO] ------------------------------------------------------------------------
[INFO] BUILD SUCCESS
[INFO] ------------------------------------------------------------------------
[INFO] Total time:  11.430 s
[INFO] Finished at: 2026-07-24T21:39:47Z
[INFO] ------------------------------------------------------------------------
