
   ___                   _                ____                        _
  / _ \ _   _  __ _ _ __| | ___   _ ___  / ___| _   _ _ __   ___ _ __| |__   ___ _ __ ___   ___  ___
 | | | | | | |/ _` | '__| |/ / | | / __| \___ \| | | | '_ \ / _ \ '__| '_ \ / _ \ '__/ _ \ / _ \/ __|
 | |_| | |_| | (_| | |  |   <| |_| \__ \  ___) | |_| | |_) |  __/ |  | | | |  __/ | | (_) |  __/\__ \
  \__\_\\__,_|\__,_|_|  |_|\_\\__,_|___/ |____/ \__,_| .__/ \___|_|  |_| |_|\___|_|  \___/ \___||___/
 __     ___ _ _       _                              |_|
 \ \   / (_) | | __ _(_)_ __  ___
  \ \ / /| | | |/ _` | | '_ \/ __|
   \ V / | | | | (_| | | | | \__ \
    \_/  |_|_|_|\__,_|_|_| |_|___/


                                                                            Powered by Quarkus 3.37.3
2026-08-10 21:01:19,503 INFO  [io.quarkus.sample.superheroes.villain.VillainApplicationLifeCycle] (main)  __     ___ _ _       _             _    ____ ___ 
2026-08-10 21:01:19,506 INFO  [io.quarkus.sample.superheroes.villain.VillainApplicationLifeCycle] (main)  \ \   / (_) | | __ _(_)_ __       / \  |  _ \_ _|
2026-08-10 21:01:19,506 INFO  [io.quarkus.sample.superheroes.villain.VillainApplicationLifeCycle] (main)   \ \ / /| | | |/ _` | | '_ \     / _ \ | |_) | | 
2026-08-10 21:01:19,507 INFO  [io.quarkus.sample.superheroes.villain.VillainApplicationLifeCycle] (main)    \ V / | | | | (_| | | | | |   / ___ \|  __/| | 
2026-08-10 21:01:19,507 INFO  [io.quarkus.sample.superheroes.villain.VillainApplicationLifeCycle] (main)     \_/  |_|_|_|\__,_|_|_| |_|  /_/   \_\_|  |___|
2026-08-10 21:01:19,507 INFO  [io.quarkus.sample.superheroes.villain.VillainApplicationLifeCycle] (main) The application VILLAIN is starting with profile [prod]
2026-08-10 21:01:19,518 INFO  [io.quarkus] (main) rest-villains 1.0 native (powered by Quarkus 3.37.3) started in 0.624s. Listening on: http://0.0.0.0:8084
2026-08-10 21:01:19,519 INFO  [io.quarkus] (main) Profile prod activated. 
2026-08-10 21:01:19,519 INFO  [io.quarkus] (main) Installed features: [agroal, basquin, cdi, hibernate-orm, hibernate-orm-panache, hibernate-validator, jdbc-postgresql, kubernetes, micrometer, narayana-jta, opentelemetry, qute, rest, rest-jackson, rest-qute, smallrye-context-propagation, smallrye-health, smallrye-openapi, swagger-ui, vertx]
2026-08-10 21:01:19,962 INFO  [io.quarkus.sample.superheroes.villain.VillainApplicationLifeCycle] (Shutdown thread) The application VILLAIN is stopping...
2026-08-10 21:01:19,967 INFO  [io.quarkus] (Shutdown thread) rest-villains stopped in 0.005s
