To honour the JVM settings for this build a single-use Daemon process will be forked. For more on this, please refer to https://docs.gradle.org/8.9/userguide/gradle_daemon.html#sec:disabling_the_daemon in the Gradle documentation.
Daemon will be stopped at the end of the build 
> Task :basquin-core:compileJava UP-TO-DATE
> Task :basquin-core:processResources NO-SOURCE
> Task :basquin-core:classes UP-TO-DATE
> Task :basquin-core:jar UP-TO-DATE
> Task :compileJava UP-TO-DATE
> Task :processResources UP-TO-DATE
> Task :classes UP-TO-DATE

> Task :runExampleProper
Thread Leak Example
===================
Creating properly managed threads...
Task 0 started
Task 1 started
Task 0 completed
Task 1 completed
Properly managed 2 threads
Example completed

> Task :runRunnerProper
Starting Basquin GenericRunner
Running 5 iterations with target: examples.targets.ThreadLeakTarget
ThreadLeakTarget mode=proper
Iteration 1
Beginning iteration
Task 0 started
Task 1 started
Task 0 completed
Task 1 completed
Properly managed 2 threads
[Basquin] Iteration 1 metrics: latency=68ms, heapDelta=+901 KB, threads=8 (+0)
Ending iteration
Iteration 2
Beginning iteration
Task 0 started
Task 1 started
Task 0 completed
Task 1 completed
Properly managed 2 threads
[Basquin] Iteration 2 metrics: latency=50ms, heapDelta=+696 KB, threads=8 (+0)
Ending iteration
Iteration 3
Beginning iteration
Task 0 started
Task 1 started
Task 0 completed
Task 1 completed
Properly managed 2 threads
[Basquin] Iteration 3 metrics: latency=50ms, heapDelta=+901 KB, threads=8 (+0)
Ending iteration
Iteration 4
Beginning iteration
Task 0 started
Task 1 started
Task 0 completed
Task 1 completed
Properly managed 2 threads
[Basquin] Iteration 4 metrics: latency=50ms, heapDelta=+696 KB, threads=8 (+0)
Ending iteration
Iteration 5
Beginning iteration
Task 0 started
Task 1 started
Task 0 completed
Task 1 completed
Properly managed 2 threads
[Basquin] Iteration 5 metrics: latency=50ms, heapDelta=+901 KB, threads=8 (+0)
Ending iteration
GenericRunner completed 5 iterations

> Task :jar UP-TO-DATE
> Task :compileCoverageJava UP-TO-DATE
> Task :processCoverageResources NO-SOURCE
> Task :coverageClasses UP-TO-DATE
> Task :runnerJar UP-TO-DATE
> Task :compileTestJava UP-TO-DATE
> Task :processTestResources NO-SOURCE
> Task :testClasses UP-TO-DATE
> Task :test
> Task :verifyHeapInvariant
> Task :verifyLatencyInvariant
> Task :verifyResetClassloader
> Task :verifyShippedJarsContainCore
> Task :verifyThreadDeltaInvariant
> Task :check
> Task :basquin-core:compileTestJava NO-SOURCE
> Task :basquin-core:processTestResources NO-SOURCE
> Task :basquin-core:testClasses UP-TO-DATE
> Task :basquin-core:test NO-SOURCE
> Task :basquin-core:check UP-TO-DATE
> Task :basquin-maven-injector:compileJava UP-TO-DATE
> Task :basquin-maven-injector:processResources UP-TO-DATE
> Task :basquin-maven-injector:writeVersionResource UP-TO-DATE
> Task :basquin-maven-injector:classes UP-TO-DATE
> Task :basquin-maven-injector:compileTestJava UP-TO-DATE
> Task :basquin-maven-injector:processTestResources NO-SOURCE
> Task :basquin-maven-injector:testClasses UP-TO-DATE
> Task :basquin-maven-injector:test
> Task :basquin-maven-injector:check
> Task :tomcat-valve:compileJava UP-TO-DATE
> Task :tomcat-valve:processResources NO-SOURCE
> Task :tomcat-valve:classes UP-TO-DATE
> Task :tomcat-valve:compileTestJava NO-SOURCE
> Task :tomcat-valve:processTestResources NO-SOURCE
> Task :tomcat-valve:testClasses UP-TO-DATE
> Task :tomcat-valve:test NO-SOURCE
> Task :tomcat-valve:check UP-TO-DATE
> Task :tomcat-war:compileJava UP-TO-DATE
> Task :tomcat-war:processResources NO-SOURCE
> Task :tomcat-war:classes UP-TO-DATE
> Task :tomcat-war:compileTestJava NO-SOURCE
> Task :tomcat-war:processTestResources NO-SOURCE
> Task :tomcat-war:testClasses UP-TO-DATE
> Task :tomcat-war:test NO-SOURCE
> Task :tomcat-war:check UP-TO-DATE
> Task :basquin-quarkus:runtime:processResources NO-SOURCE
> Task :basquin-quarkus:runtime:validateExtension
> Task :basquin-quarkus:runtime:extensionDescriptor
> Task :basquin-quarkus:runtime:compileJava UP-TO-DATE
> Task :basquin-quarkus:runtime:classes UP-TO-DATE
> Task :basquin-quarkus:runtime:jar
> Task :basquin-quarkus:deployment:compileJava UP-TO-DATE
> Task :basquin-quarkus:deployment:processResources NO-SOURCE
> Task :basquin-quarkus:deployment:classes UP-TO-DATE
> Task :basquin-quarkus:deployment:compileTestJava NO-SOURCE
> Task :basquin-quarkus:deployment:processTestResources NO-SOURCE
> Task :basquin-quarkus:deployment:testClasses UP-TO-DATE
> Task :basquin-quarkus:deployment:test NO-SOURCE
> Task :basquin-quarkus:deployment:check UP-TO-DATE
> Task :basquin-quarkus:runtime:compileTestJava UP-TO-DATE
> Task :basquin-quarkus:runtime:processTestResources NO-SOURCE
> Task :basquin-quarkus:runtime:testClasses UP-TO-DATE
> Task :basquin-quarkus:runtime:test
> Task :basquin-quarkus:runtime:check

Deprecated Gradle features were used in this build, making it incompatible with Gradle 9.0.

You can use '--warning-mode all' to show the individual deprecation warnings and determine if they come from your own scripts or plugins.

For more on this, please refer to https://docs.gradle.org/8.9/userguide/command_line_interface.html#sec:command_line_warnings in the Gradle documentation.

BUILD SUCCESSFUL in 45s
30 actionable tasks: 13 executed, 17 up-to-date
