[INFO] Scanning for projects...
[basquin-injector] instrumented rest-villains (com.basquin:basquin-quarkus:0.3.0 from http://localhost:8000/)
[INFO] 
[INFO] ------------< io.quarkus.sample.super-heroes:rest-villains >------------
[INFO] Building Quarkus Sample :: Super-Heroes :: Villains Microservice 1.0
[INFO]   from pom.xml
[INFO] --------------------------------[ jar ]---------------------------------
[INFO] Downloading from central: https://repo.maven.apache.org/maven2/com/basquin/basquin-quarkus/0.3.0/basquin-quarkus-0.3.0.pom
[INFO] Downloading from basquin-injected: http://localhost:8000/com/basquin/basquin-quarkus/0.3.0/basquin-quarkus-0.3.0.pom
[INFO] Downloaded from basquin-injected: http://localhost:8000/com/basquin/basquin-quarkus/0.3.0/basquin-quarkus-0.3.0.pom (1.1 kB at 55 kB/s)
[INFO] Downloading from central: https://repo.maven.apache.org/maven2/com/basquin/basquin-core/0.3.0/basquin-core-0.3.0.pom
[INFO] Downloading from basquin-injected: http://localhost:8000/com/basquin/basquin-core/0.3.0/basquin-core-0.3.0.pom
[INFO] Downloaded from basquin-injected: http://localhost:8000/com/basquin/basquin-core/0.3.0/basquin-core-0.3.0.pom (1.3 kB at 77 kB/s)
[INFO] Downloading from central: https://repo.maven.apache.org/maven2/com/basquin/basquin-quarkus/0.3.0/basquin-quarkus-0.3.0.jar
[INFO] Downloading from central: https://repo.maven.apache.org/maven2/com/basquin/basquin-core/0.3.0/basquin-core-0.3.0.jar
[INFO] Downloading from basquin-injected: http://localhost:8000/com/basquin/basquin-quarkus/0.3.0/basquin-quarkus-0.3.0.jar
[INFO] Downloaded from basquin-injected: http://localhost:8000/com/basquin/basquin-quarkus/0.3.0/basquin-quarkus-0.3.0.jar (10 kB at 557 kB/s)
[INFO] Downloading from basquin-injected: http://localhost:8000/com/basquin/basquin-core/0.3.0/basquin-core-0.3.0.jar
[INFO] Downloaded from basquin-injected: http://localhost:8000/com/basquin/basquin-core/0.3.0/basquin-core-0.3.0.jar (7.6 kB at 446 kB/s)
[INFO] 
[INFO] --- clean:3.2.0:clean (default-clean) @ rest-villains ---
[INFO] Deleting /w/target
[INFO] 
[INFO] --- resources:3.5.0:copy-resources (copy-openapi-spec) @ rest-villains ---
[INFO] Copying 1 resource from src/main/resources/openapi to target/classes/META-INF
[INFO] 
[INFO] --- resources:3.5.0:resources (default-resources) @ rest-villains ---
[INFO] Copying 186 resources from src/main/resources to target/classes
[INFO] 
[INFO] --- quarkus:3.37.3:generate-code (default) @ rest-villains ---
[INFO] Downloading from central: https://repo.maven.apache.org/maven2/com/basquin/basquin-quarkus-deployment/0.3.0/basquin-quarkus-deployment-0.3.0.pom
[INFO] Downloading from basquin-injected: http://localhost:8000/com/basquin/basquin-quarkus-deployment/0.3.0/basquin-quarkus-deployment-0.3.0.pom
[INFO] Downloaded from basquin-injected: http://localhost:8000/com/basquin/basquin-quarkus-deployment/0.3.0/basquin-quarkus-deployment-0.3.0.pom (1.4 kB at 76 kB/s)
[INFO] Downloading from central: https://repo.maven.apache.org/maven2/com/basquin/basquin-quarkus-deployment/0.3.0/basquin-quarkus-deployment-0.3.0.jar
[INFO] Downloading from basquin-injected: http://localhost:8000/com/basquin/basquin-quarkus-deployment/0.3.0/basquin-quarkus-deployment-0.3.0.jar
[INFO] Downloaded from basquin-injected: http://localhost:8000/com/basquin/basquin-quarkus-deployment/0.3.0/basquin-quarkus-deployment-0.3.0.jar (2.1 kB at 122 kB/s)
[INFO] [io.quarkiverse.openapi.server.generator.deployment.codegen.openapitools.OpenAPIToolsServerCodegen] Generating server side code for: /w/src/main/resources/openapi/openapi.yml
[INFO] Generating with dryRun=false
[WARNING] OpenAPI 3.1 support is still in beta. To report an issue related to 3.1 spec, please kindly open an issue in the Github repo: https://github.com/openAPITools/openapi-generator.
[INFO] No .openapi-generator-ignore file found.
[INFO] OpenAPI Generator: quarkus-openapi-generator-server (client)
[INFO] Generator 'quarkus-openapi-generator-server' is considered stable.
[INFO] Environment variable JAVA_POST_PROCESS_FILE not defined so the Java code may not be properly formatted. To define it, try 'export JAVA_POST_PROCESS_FILE="/usr/local/bin/clang-format -i"' (Linux/Mac)
[INFO] NOTE: To enable file post-processing, 'enablePostProcessFile' must be set to `true` (--enable-post-process-file for CLI).
[INFO] Processing operation getAllVillains
[INFO] Processing operation replaceAllVillains
[INFO] Processing operation createVillain
[INFO] Processing operation deleteAllVillains
[INFO] Processing operation hello
[INFO] Processing operation getRandomVillain
[INFO] Processing operation getVillain
[INFO] Processing operation fullyUpdateVillain
[INFO] Processing operation deleteVillain
[INFO] Processing operation partiallyUpdateVillain
[WARNING] OpenAPI 3.1 support is still in beta. To report an issue related to 3.1 spec, please kindly open an issue in the Github repo: https://github.com/openAPITools/openapi-generator.
[INFO] 'host' (OAS 2.0) or 'servers' (OAS 3.0) not defined in the spec. Default to [http://localhost] for server URL [http://localhost/]
[INFO] 'host' (OAS 2.0) or 'servers' (OAS 3.0) not defined in the spec. Default to [http://localhost] for server URL [http://localhost/]
[INFO] writing file /w/target/generated-sources/quarkus-openapi-generator-server/io/quarkus/sample/superheroes/villain/api/model/Villain.java
[INFO] Skipped /w/target/generated-sources/quarkus-openapi-generator-server/docs/Villain.md (Skipped by modelDocs options supplied by user.)
[INFO] writing file /w/target/generated-sources/quarkus-openapi-generator-server/io/quarkus/sample/superheroes/villain/api/model/VillainPatch.java
[INFO] Skipped /w/target/generated-sources/quarkus-openapi-generator-server/docs/VillainPatch.md (Skipped by modelDocs options supplied by user.)
[WARNING] Failed to get the schema name: null
[WARNING] Ignoring complex example on request body
[WARNING] No application/json content media type found in response. Response examples can currently only be generated for application/json media type.
[INFO] 'host' (OAS 2.0) or 'servers' (OAS 3.0) not defined in the spec. Default to [http://localhost] for server URL [http://localhost/]
[INFO] writing file /w/target/generated-sources/quarkus-openapi-generator-server/io/quarkus/sample/superheroes/villain/api/resources/HelloResource.java
[INFO] Skipped /w/target/generated-sources/quarkus-openapi-generator-server/io/quarkus/sample/superheroes/villain/api/resources/HelloResourceTest.java (Skipped by apiTests options supplied by user.)
[INFO] Skipped /w/target/generated-sources/quarkus-openapi-generator-server/docs/HelloResource.md (Skipped by apiDocs options supplied by user.)
[INFO] 'host' (OAS 2.0) or 'servers' (OAS 3.0) not defined in the spec. Default to [http://localhost] for server URL [http://localhost/]
[INFO] writing file /w/target/generated-sources/quarkus-openapi-generator-server/io/quarkus/sample/superheroes/villain/api/resources/VillainsResource.java
[INFO] Skipped /w/target/generated-sources/quarkus-openapi-generator-server/io/quarkus/sample/superheroes/villain/api/resources/VillainsResourceTest.java (Skipped by apiTests options supplied by user.)
[INFO] Skipped /w/target/generated-sources/quarkus-openapi-generator-server/docs/VillainsResource.md (Skipped by apiDocs options supplied by user.)
[INFO] Skipping generation of Webhooks.
[INFO] 'host' (OAS 2.0) or 'servers' (OAS 3.0) not defined in the spec. Default to [http://localhost] for server URL [http://localhost/]
[INFO] writing file /w/target/generated-sources/quarkus-openapi-generator-server/.openapi-generator-ignore
[INFO] writing file /w/target/generated-sources/quarkus-openapi-generator-server/.openapi-generator/VERSION
[INFO] writing file /w/target/generated-sources/quarkus-openapi-generator-server/.openapi-generator/FILES
############################################################################################
# Thanks for using OpenAPI Generator.                                                      #
# We appreciate your support! Please consider donation to help us maintain this project.   #
# https://opencollective.com/openapi_generator/donate                                      #
############################################################################################
[INFO] [io.quarkiverse.openapi.server.generator.deployment.codegen.openapitools.OpenAPIToolsServerCodegen] Generated file: /w/target/generated-sources/quarkus-openapi-generator-server/io/quarkus/sample/superheroes/villain/api/model/Villain.java
[INFO] [io.quarkiverse.openapi.server.generator.deployment.codegen.openapitools.OpenAPIToolsServerCodegen] Generated file: /w/target/generated-sources/quarkus-openapi-generator-server/io/quarkus/sample/superheroes/villain/api/model/VillainPatch.java
[INFO] [io.quarkiverse.openapi.server.generator.deployment.codegen.openapitools.OpenAPIToolsServerCodegen] Generated file: /w/target/generated-sources/quarkus-openapi-generator-server/io/quarkus/sample/superheroes/villain/api/resources/HelloResource.java
[INFO] [io.quarkiverse.openapi.server.generator.deployment.codegen.openapitools.OpenAPIToolsServerCodegen] Generated file: /w/target/generated-sources/quarkus-openapi-generator-server/io/quarkus/sample/superheroes/villain/api/resources/VillainsResource.java
[INFO] [io.quarkiverse.openapi.server.generator.deployment.codegen.openapitools.OpenAPIToolsServerCodegen] Generated file: /w/target/generated-sources/quarkus-openapi-generator-server/.openapi-generator-ignore
[INFO] [io.quarkiverse.openapi.server.generator.deployment.codegen.openapitools.OpenAPIToolsServerCodegen] Generated file: /w/target/generated-sources/quarkus-openapi-generator-server/.openapi-generator/VERSION
[INFO] [io.quarkiverse.openapi.server.generator.deployment.codegen.openapitools.OpenAPIToolsServerCodegen] Generated file: /w/target/generated-sources/quarkus-openapi-generator-server/.openapi-generator/FILES
[INFO] 
[INFO] --- compiler:3.15.0:compile (default-compile) @ rest-villains ---
[INFO] Recompiling the module because of changed source code.
[INFO] Compiling 15 source files with javac [debug release 25] to target/classes
[INFO] 
[INFO] --- quarkus:3.37.3:generate-code-tests (default) @ rest-villains ---
[INFO] 
[INFO] --- resources:3.5.0:testResources (default-testResources) @ rest-villains ---
[INFO] Copying 2 resources from src/test/resources to target/test-classes
[INFO] 
[INFO] --- compiler:3.15.0:testCompile (default-testCompile) @ rest-villains ---
[INFO] Recompiling the module because of changed dependency.
[INFO] Compiling 8 source files with javac [debug release 25] to target/test-classes
[INFO] /w/src/test/java/io/quarkus/sample/superheroes/villain/VillainTests.java: Some input files use or override a deprecated API.
[INFO] /w/src/test/java/io/quarkus/sample/superheroes/villain/VillainTests.java: Recompile with -Xlint:deprecation for details.
[INFO] /w/src/test/java/io/quarkus/sample/superheroes/villain/rest/VillainResourceTests.java: /w/src/test/java/io/quarkus/sample/superheroes/villain/rest/VillainResourceTests.java uses unchecked or unsafe operations.
[INFO] /w/src/test/java/io/quarkus/sample/superheroes/villain/rest/VillainResourceTests.java: Recompile with -Xlint:unchecked for details.
[INFO] 
[INFO] --- surefire:3.5.6:test (default-test) @ rest-villains ---
[INFO] Tests are skipped.
[INFO] 
[INFO] --- jar:3.5.0:jar (default-jar) @ rest-villains ---
[INFO] Building jar: /w/target/rest-villains-1.0.jar
[INFO] 
[INFO] --- quarkus:3.37.3:build (default) @ rest-villains ---
[INFO] [io.quarkus.kubernetes.deployment.KubernetesDeployer] Selecting target 'minikube' since it has the highest priority among the implicitly enabled deployment targets
[INFO] [io.quarkus.kubernetes.deployment.PropertyUtil] Kubernetes manifests are generated with 'The container port http' having provided value '8084'. The app and manifests will get out of sync if the property 'quarkus.http.port' is changed at runtime.
[INFO] Adding existing ConfigMap with name: rest-villains-config.
[INFO] Adding existing Secret with name: rest-villains-config-creds.
[INFO] Adding existing Secret with name: villains-db-config.
[INFO] Adding existing ConfigMap with name: villains-db-init.
[INFO] Adding existing Deployment with name: villains-db.
[INFO] Adding existing Service with name: villains-db.
[INFO] [io.quarkus.deployment.QuarkusAugmentor] Quarkus augmentation completed in 22887ms
[INFO] ------------------------------------------------------------------------
[INFO] BUILD SUCCESS
[INFO] ------------------------------------------------------------------------
[INFO] Total time:  01:03 min
[INFO] Finished at: 2026-07-26T11:48:22Z
[INFO] ------------------------------------------------------------------------
