[INFO] Scanning for projects...
[INFO] 
[INFO] ---------------------< com.basquin.spike:fixture >----------------------
[INFO] Building fixture 1.0.0-SNAPSHOT
[INFO]   from pom.xml
[INFO] ------------------------------[ quarkus ]-------------------------------
[INFO] Downloading from central: https://repo.maven.apache.org/maven2/org/jacoco/jacoco-maven-plugin/0.8.15/jacoco-maven-plugin-0.8.15.pom
[INFO] Downloaded from central: https://repo.maven.apache.org/maven2/org/jacoco/jacoco-maven-plugin/0.8.15/jacoco-maven-plugin-0.8.15.pom (4.9 kB at 4.9 kB/s)
[INFO] Downloading from central: https://repo.maven.apache.org/maven2/org/jacoco/org.jacoco.build/0.8.15/org.jacoco.build-0.8.15.pom
[INFO] Downloaded from central: https://repo.maven.apache.org/maven2/org/jacoco/org.jacoco.build/0.8.15/org.jacoco.build-0.8.15.pom (50 kB at 551 kB/s)
[INFO] Downloading from central: https://repo.maven.apache.org/maven2/org/ow2/asm/asm-bom/9.10.1/asm-bom-9.10.1.pom
[INFO] Downloaded from central: https://repo.maven.apache.org/maven2/org/ow2/asm/asm-bom/9.10.1/asm-bom-9.10.1.pom (3.3 kB at 49 kB/s)
[INFO] Downloading from central: https://repo.maven.apache.org/maven2/org/jacoco/jacoco-maven-plugin/0.8.15/jacoco-maven-plugin-0.8.15.jar
[INFO] Downloaded from central: https://repo.maven.apache.org/maven2/org/jacoco/jacoco-maven-plugin/0.8.15/jacoco-maven-plugin-0.8.15.jar (58 kB at 641 kB/s)
[INFO] Downloading from central: https://repo.maven.apache.org/maven2/org/jacoco/org.jacoco.agent/0.8.15/org.jacoco.agent-0.8.15.pom
[INFO] Downloaded from central: https://repo.maven.apache.org/maven2/org/jacoco/org.jacoco.agent/0.8.15/org.jacoco.agent-0.8.15.pom (4.3 kB at 54 kB/s)
[INFO] Downloading from central: https://repo.maven.apache.org/maven2/org/jacoco/org.jacoco.agent/0.8.15/org.jacoco.agent-0.8.15-runtime.jar
[INFO] Downloaded from central: https://repo.maven.apache.org/maven2/org/jacoco/org.jacoco.agent/0.8.15/org.jacoco.agent-0.8.15-runtime.jar (308 kB at 2.6 MB/s)
[INFO] 
[INFO] --- resources:3.3.1:resources (default-resources) @ fixture ---
[INFO] Copying 1 resource from src/main/resources to target/classes
[INFO] 
[INFO] --- quarkus:3.37.3:generate-code (default-generate-code) @ fixture ---
[INFO] 
[INFO] --- compiler:3.15.0:compile (default-compile) @ fixture ---
[INFO] Recompiling the module because of changed source code.
[INFO] Compiling 5 source files with javac [debug parameters release 25] to target/classes
[INFO] 
[INFO] --- jacoco:0.8.15:instrument (offline-instrument) @ fixture ---
[INFO] Downloading from central: https://repo.maven.apache.org/maven2/org/codehaus/plexus/plexus-utils/3.0.24/plexus-utils-3.0.24.pom
[INFO] Downloaded from central: https://repo.maven.apache.org/maven2/org/codehaus/plexus/plexus-utils/3.0.24/plexus-utils-3.0.24.pom (4.1 kB at 78 kB/s)
[INFO] Downloading from central: https://repo.maven.apache.org/maven2/org/apache/maven/reporting/maven-reporting-api/3.0/maven-reporting-api-3.0.pom
[INFO] Downloaded from central: https://repo.maven.apache.org/maven2/org/apache/maven/reporting/maven-reporting-api/3.0/maven-reporting-api-3.0.pom (2.4 kB at 32 kB/s)
[INFO] Downloading from central: https://repo.maven.apache.org/maven2/org/apache/maven/shared/maven-shared-components/15/maven-shared-components-15.pom
[INFO] Downloaded from central: https://repo.maven.apache.org/maven2/org/apache/maven/shared/maven-shared-components/15/maven-shared-components-15.pom (9.3 kB at 153 kB/s)
[INFO] Downloading from central: https://repo.maven.apache.org/maven2/org/apache/maven/maven-parent/16/maven-parent-16.pom
[INFO] Downloaded from central: https://repo.maven.apache.org/maven2/org/apache/maven/maven-parent/16/maven-parent-16.pom (23 kB at 342 kB/s)
[INFO] Downloading from central: https://repo.maven.apache.org/maven2/org/apache/apache/7/apache-7.pom
[INFO] Downloaded from central: https://repo.maven.apache.org/maven2/org/apache/apache/7/apache-7.pom (14 kB at 233 kB/s)
[INFO] Downloading from central: https://repo.maven.apache.org/maven2/org/apache/maven/doxia/doxia-sink-api/1.0/doxia-sink-api-1.0.pom
[INFO] Downloaded from central: https://repo.maven.apache.org/maven2/org/apache/maven/doxia/doxia-sink-api/1.0/doxia-sink-api-1.0.pom (1.4 kB at 20 kB/s)
[INFO] Downloading from central: https://repo.maven.apache.org/maven2/org/apache/maven/doxia/doxia/1.0/doxia-1.0.pom
[INFO] Downloaded from central: https://repo.maven.apache.org/maven2/org/apache/maven/doxia/doxia/1.0/doxia-1.0.pom (9.6 kB at 122 kB/s)
[INFO] Downloading from central: https://repo.maven.apache.org/maven2/org/apache/maven/maven-parent/10/maven-parent-10.pom
[INFO] Downloaded from central: https://repo.maven.apache.org/maven2/org/apache/maven/maven-parent/10/maven-parent-10.pom (32 kB at 494 kB/s)
[INFO] Downloading from central: https://repo.maven.apache.org/maven2/org/apache/apache/4/apache-4.pom
[INFO] Downloaded from central: https://repo.maven.apache.org/maven2/org/apache/apache/4/apache-4.pom (4.5 kB at 71 kB/s)
[INFO] Downloading from central: https://repo.maven.apache.org/maven2/org/jacoco/org.jacoco.core/0.8.15/org.jacoco.core-0.8.15.pom
[INFO] Downloaded from central: https://repo.maven.apache.org/maven2/org/jacoco/org.jacoco.core/0.8.15/org.jacoco.core-0.8.15.pom (2.1 kB at 32 kB/s)
[INFO] Downloading from central: https://repo.maven.apache.org/maven2/org/jacoco/org.jacoco.report/0.8.15/org.jacoco.report-0.8.15.pom
[INFO] Downloaded from central: https://repo.maven.apache.org/maven2/org/jacoco/org.jacoco.report/0.8.15/org.jacoco.report-0.8.15.pom (1.9 kB at 28 kB/s)
[INFO] Downloading from central: https://repo.maven.apache.org/maven2/org/codehaus/plexus/plexus-utils/3.0.24/plexus-utils-3.0.24.jar
[INFO] Downloaded from central: https://repo.maven.apache.org/maven2/org/codehaus/plexus/plexus-utils/3.0.24/plexus-utils-3.0.24.jar (247 kB at 3.4 MB/s)
[INFO] Downloading from central: https://repo.maven.apache.org/maven2/commons-io/commons-io/2.19.0/commons-io-2.19.0.jar
[INFO] Downloading from central: https://repo.maven.apache.org/maven2/org/apache/maven/reporting/maven-reporting-api/3.0/maven-reporting-api-3.0.jar
[INFO] Downloading from central: https://repo.maven.apache.org/maven2/org/apache/maven/doxia/doxia-sink-api/1.0/doxia-sink-api-1.0.jar
[INFO] Downloading from central: https://repo.maven.apache.org/maven2/org/jacoco/org.jacoco.core/0.8.15/org.jacoco.core-0.8.15.jar
[INFO] Downloading from central: https://repo.maven.apache.org/maven2/org/jacoco/org.jacoco.report/0.8.15/org.jacoco.report-0.8.15.jar
[INFO] Downloaded from central: https://repo.maven.apache.org/maven2/commons-io/commons-io/2.19.0/commons-io-2.19.0.jar (556 kB at 5.1 MB/s)
[INFO] Downloaded from central: https://repo.maven.apache.org/maven2/org/apache/maven/doxia/doxia-sink-api/1.0/doxia-sink-api-1.0.jar (10 kB at 67 kB/s)
[INFO] Downloaded from central: https://repo.maven.apache.org/maven2/org/apache/maven/reporting/maven-reporting-api/3.0/maven-reporting-api-3.0.jar (11 kB at 67 kB/s)
[INFO] Downloaded from central: https://repo.maven.apache.org/maven2/org/jacoco/org.jacoco.report/0.8.15/org.jacoco.report-0.8.15.jar (131 kB at 732 kB/s)
[INFO] Downloaded from central: https://repo.maven.apache.org/maven2/org/jacoco/org.jacoco.core/0.8.15/org.jacoco.core-0.8.15.jar (235 kB at 1.2 MB/s)
[INFO] 
[INFO] --- resources:3.3.1:testResources (default-testResources) @ fixture ---
[INFO] skip non existing resourceDirectory /w/src/test/resources
[INFO] 
[INFO] --- quarkus:3.37.3:generate-code-tests (default-generate-code-tests) @ fixture ---
[INFO] 
[INFO] --- compiler:3.15.0:testCompile (default-testCompile) @ fixture ---
[INFO] No sources to compile
[INFO] 
[INFO] --- surefire:3.5.6:test (default-test) @ fixture ---
[INFO] Tests are skipped.
[INFO] 
[INFO] --- quarkus:3.37.3:build (default-build) @ fixture ---
[INFO] [io.quarkus.deployment.pkg.jar.NativeImageSourceJarBuilder] Building native image source jar: /w/target/fixture-1.0.0-SNAPSHOT-native-image-source-jar/fixture-1.0.0-SNAPSHOT-runner.jar
[INFO] [io.quarkus.deployment.pkg.steps.NativeImageBuildStep] Building native image from /w/target/fixture-1.0.0-SNAPSHOT-native-image-source-jar/fixture-1.0.0-SNAPSHOT-runner.jar
[INFO] [io.quarkus.deployment.pkg.steps.NativeImageBuildStep] Running Quarkus native-image plugin on MANDREL 25.0.3.0 JDK 25.0.3+9-LTS
[INFO] [io.quarkus.deployment.pkg.steps.NativeImageBuildRunner] /opt/mandrel/bin/native-image -J-Djava.util.logging.manager=org.jboss.logmanager.LogManager -J-Dsun.nio.ch.maxUpdateArraySize=100 -J-Dvertx.logger-delegate-factory-class-name=io.quarkus.vertx.core.runtime.VertxLogDelegateFactory -J-Dvertx.disableDnsResolver=true -J-Dio.netty.tryReflectionSetAccessible=true -J-Dio.netty.noUnsafe=false -J-Dio.netty.leakDetection.level=DISABLED -J-Dio.netty.allocator.maxOrder=3 -J-Duser.language=en -J-Duser.country=US -J-Dlogging.initial-configurator.min-level=500 -H:+UnlockExperimentalVMOptions -H:IncludeLocales=en-US -H:-UnlockExperimentalVMOptions --enable-native-access=ALL-UNNAMED -J-Dfile.encoding=UTF-8 -J--add-exports=org.graalvm.nativeimage.builder/com.oracle.svm.core.jdk=ALL-UNNAMED --features=io.quarkus.runner.Feature,io.quarkus.runtime.graal.DisableLoggingFeature,io.quarkus.runtime.graal.JVMChecksFeature,io.quarkus.runtime.graal.SkipConsoleServiceProvidersFeature -J--add-exports=java.security.jgss/sun.security.krb5=ALL-UNNAMED -J--add-exports=java.security.jgss/sun.security.jgss=ALL-UNNAMED -J--add-opens=java.base/java.text=ALL-UNNAMED -J--add-opens=java.base/java.io=ALL-UNNAMED -J--add-opens=java.base/java.lang.invoke=ALL-UNNAMED -J--add-opens=java.base/java.util=ALL-UNNAMED -H:+UnlockExperimentalVMOptions -H:BuildOutputJSONFile=fixture-1.0.0-SNAPSHOT-runner-build-output-stats.json -H:-UnlockExperimentalVMOptions -H:+UnlockExperimentalVMOptions -H:+GenerateBuildArtifactsFile -H:-UnlockExperimentalVMOptions -H:+PrintClassInitialization -H:+UnlockExperimentalVMOptions -H:+AllowFoldMethods -H:-UnlockExperimentalVMOptions -J-Djava.awt.headless=true --no-fallback --link-at-build-time -H:+UnlockExperimentalVMOptions -H:+ReportExceptionStackTraces -H:-UnlockExperimentalVMOptions -H:-AddAllCharsets --enable-url-protocols=http -H:NativeLinkerOption=-no-pie --enable-monitoring=heapdump,threaddump -H:+UnlockExperimentalVMOptions -H:-UseServiceLoaderFeature -H:-UnlockExperimentalVMOptions -J--add-exports=org.graalvm.nativeimage/org.graalvm.nativeimage.impl=ALL-UNNAMED --exclude-config io\.netty\.netty-codec /META-INF/native-image/io\.netty/netty-codec/generated/handlers/reflect-config\.json --exclude-config io\.netty\.netty-handler /META-INF/native-image/io\.netty/netty-handler/generated/handlers/reflect-config\.json fixture-1.0.0-SNAPSHOT-runner -jar fixture-1.0.0-SNAPSHOT-runner.jar
Warning: The option '-H:+PrintClassInitialization' is experimental and must be enabled via '-H:+UnlockExperimentalVMOptions' in the future.
Warning: Please re-evaluate whether any experimental option is required, and either remove or unlock it. The build output lists all active experimental options, including where they come from and possible alternatives. If you think an experimental option should be considered as stable, please file an issue.
Warning: Option 'DynamicProxyConfigurationResources' is deprecated and might be removed in a future release: This can be caused by a proxy-config.json file in your META-INF directory. Consider including proxy configuration in the reflection section of reachability-metadata.md instead.. Please refer to the GraalVM release notes.
========================================================================================================================
GraalVM Native Image: Generating 'fixture-1.0.0-SNAPSHOT-runner' (executable)...
========================================================================================================================
For detailed information and explanations on the build output, visit:
https://github.com/oracle/graal/blob/master/docs/reference-manual/native-image/BuildOutput.md
------------------------------------------------------------------------------------------------------------------------
[1/8] Initializing...                                                                                    (6.7s @ 0.19GB)
 Java version: 25.0.3+9-LTS, vendor version: Mandrel-25.0.3.0-Final
 Graal compiler: optimization level: 2, target machine: x86-64-v3
 C compiler: gcc (redhat, x86_64, 11.5.0)
 Garbage collector: Serial GC (max heap size: 80% of RAM)
 5 user-specific feature(s):
 - com.oracle.svm.thirdparty.gson.GsonFeature
 - io.quarkus.runner.Feature: Auto-generated class by Quarkus from the existing extensions
 - io.quarkus.runtime.graal.DisableLoggingFeature: Adapts logging during the analysis phase
 - io.quarkus.runtime.graal.JVMChecksFeature
 - io.quarkus.runtime.graal.SkipConsoleServiceProvidersFeature: Skip unsupported console service providers when quarkus.native.auto-service-loader-registration is false
------------------------------------------------------------------------------------------------------------------------
 6 experimental option(s) unlocked:
 - '-H:+PrintClassInitialization' (origin(s): command line)
 - '-H:+AllowFoldMethods' (origin(s): command line)
 - '-H:BuildOutputJSONFile' (origin(s): command line)
 - '-H:-UseServiceLoaderFeature' (origin(s): command line)
 - '-H:+GenerateBuildArtifactsFile' (origin(s): command line)
 - '-H:AddOpens' (alternative API option(s): --add-opens java.base/java.lang=ALL-UNNAMED, --add-opens java.base/java.nio=ALL-UNNAMED, --add-opens java.base/jdk.internal.misc=ALL-UNNAMED; origin(s): command line)
------------------------------------------------------------------------------------------------------------------------
Build resources:
 - 12.67GB of memory (75.6% of system memory, in container)
 - 8 thread(s) (100.0% of 8 available processor(s), determined at start)
# Printing class initialization configuration to: /w/target/fixture-1.0.0-SNAPSHOT-native-image-source-jar/reports/class_initialization_configuration_20260724_221049.csv
# Printing class initialization report to: /w/target/fixture-1.0.0-SNAPSHOT-native-image-source-jar/reports/class_initialization_report_20260724_221059.csv
[2/8] Performing analysis...  [*****]                                                                   (10.6s @ 1.14GB)
   11,222 types,  15,542 fields, and  55,711 methods found reachable
    3,754 types,      82 fields, and   4,392 methods registered for reflection
       63 types,      69 fields, and      55 methods registered for JNI access
        0 downcalls and 0 upcalls registered for foreign access
        4 native libraries: dl, pthread, rt, z
[3/8] Building universe...                                                                               (1.6s @ 1.46GB)
[4/8] Parsing methods...      [*]                                                                        (1.1s @ 1.40GB)
[5/8] Inlining methods...     [***]                                                                      (0.7s @ 1.47GB)
[6/8] Compiling methods...    [***]                                                                     (10.1s @ 1.04GB)
[7/8] Laying out methods...   [**]                                                                       (2.1s @ 1.42GB)
[8/8] Creating image...       [***]                                                                      (6.7s @ 1.59GB)
  22.99MB (44.27%) for code area:    37,103 compilation units
  25.23MB (48.58%) for image heap:  288,206 objects and 66 resources
   3.72MB ( 7.16%) for other data
  51.94MB in total image size, 48.61MB in total file size
------------------------------------------------------------------------------------------------------------------------
Top 10 origins of code area:                                Top 10 object types in image heap:
  12.66MB java.base                                            6.46MB byte[] for code metadata
   1.81MB svm.jar (Native Image)                               3.72MB byte[] for java.lang.String
 996.93kB fixture-1.0.0-SNAPSHOT-runner.jar                    2.54MB java.lang.String
 794.53kB modified-io.vertx.vertx-core-4.5.28.jar              2.24MB com.oracle.svm.core.hub.DynamicHubCompanion
 625.56kB io.netty.netty-buffer-4.1.135.Final.jar              1.61MB java.lang.Class
 450.11kB modified-io.netty.netty-common-4.1.135.Final.jar     1.27MB byte[] for general heap data
 403.73kB io.netty.netty-codec-http-4.1.135.Final.jar        539.86kB java.util.HashMap$Node
 373.01kB io.netty.netty-codec-http2-4.1.135.Final.jar       484.17kB java.lang.Object[]
 352.34kB io.quarkus.quarkus-vertx-http-3.37.3.jar           435.82kB java.lang.String[]
 350.35kB io.smallrye.config.smallrye-config-core-3.17.2.jar 409.60kB c.o.svm.core.hub.DynamicHub$ReflectionMetadata
   3.61MB for 80 more packages                                 5.52MB for 2856 more object types
------------------------------------------------------------------------------------------------------------------------
Recommendations:
 FUTR: Use '--future-defaults=all' to prepare for future releases.
 HEAP: Set max heap for improved and more predictable memory usage.
 CPU:  Enable more CPU features with '-march=native' for improved performance.
------------------------------------------------------------------------------------------------------------------------
                        2.9s (6.7% of total time) in 547 GCs | Peak RSS: 2.45GB | CPU load: 4.71
------------------------------------------------------------------------------------------------------------------------
Build artifacts:
 /w/target/fixture-1.0.0-SNAPSHOT-native-image-source-jar/build-artifacts.json (build_info)
 /w/target/fixture-1.0.0-SNAPSHOT-native-image-source-jar/fixture-1.0.0-SNAPSHOT-runner (executable)
 /w/target/fixture-1.0.0-SNAPSHOT-native-image-source-jar/fixture-1.0.0-SNAPSHOT-runner-build-output-stats.json (build_info)
========================================================================================================================
Finished generating 'fixture-1.0.0-SNAPSHOT-runner' in 41.0s.
[INFO] [io.quarkus.deployment.pkg.steps.NativeImageBuildRunner] objcopy --strip-debug fixture-1.0.0-SNAPSHOT-runner
[INFO] [io.quarkus.deployment.QuarkusAugmentor] Quarkus augmentation completed in 132598ms
[INFO] ------------------------------------------------------------------------
[INFO] BUILD SUCCESS
[INFO] ------------------------------------------------------------------------
[INFO] Total time:  02:54 min
[INFO] Finished at: 2026-07-24T22:11:27Z
[INFO] ------------------------------------------------------------------------
