
   ___                   _                ____                        _
  / _ \ _   _  __ _ _ __| | ___   _ ___  / ___| _   _ _ __   ___ _ __| |__   ___ _ __ ___   ___  ___
 | | | | | | |/ _` | '__| |/ / | | / __| \___ \| | | | '_ \ / _ \ '__| '_ \ / _ \ '__/ _ \ / _ \/ __|
 | |_| | |_| | (_| | |  |   <| |_| \__ \  ___) | |_| | |_) |  __/ |  | | | |  __/ | | (_) |  __/\__ \
  \__\_\\__,_|\__,_|_|  |_|\_\\__,_|___/ |____/ \__,_| .__/ \___|_|  |_| |_|\___|_|  \___/ \___||___/
 __     ___ _ _       _                              |_|
 \ \   / (_) | | __ _(_)_ __  ___
  \ \ / /| | | |/ _` | | '_ \/ __|
   \ V / | | | | (_| | | | | \__ \
    \_/  |_|_|_|\__,_|_|_| |_|___/


                                                                            Powered by Quarkus 3.37.3
2026-07-30 04:32:00,185 WARN  [org.hibernate.validator.internal.metadata.aggregated.CascadingMetaDataBuilder] (main) HV000271: Using `@Valid` on a container (java.util.List) is deprecated. You should apply the annotation on the type argument(s). Affected element: VillainsResource#replaceAllVillains(List)
2026-07-30 04:32:00,247 WARN  [org.hibernate.validator.internal.metadata.aggregated.CascadingMetaDataBuilder] (main) HV000271: Using `@Valid` on a container (java.util.List) is deprecated. You should apply the annotation on the type argument(s). Affected element: VillainsResource#replaceAllVillains(List)
2026-07-30 04:32:03,021 INFO  [io.quarkus.sample.superheroes.villain.VillainApplicationLifeCycle] (main)  __     ___ _ _       _             _    ____ ___ 
2026-07-30 04:32:03,021 INFO  [io.quarkus.sample.superheroes.villain.VillainApplicationLifeCycle] (main)  \ \   / (_) | | __ _(_)_ __       / \  |  _ \_ _|
2026-07-30 04:32:03,021 INFO  [io.quarkus.sample.superheroes.villain.VillainApplicationLifeCycle] (main)   \ \ / /| | | |/ _` | | '_ \     / _ \ | |_) | | 
2026-07-30 04:32:03,021 INFO  [io.quarkus.sample.superheroes.villain.VillainApplicationLifeCycle] (main)    \ V / | | | | (_| | | | | |   / ___ \|  __/| | 
2026-07-30 04:32:03,022 INFO  [io.quarkus.sample.superheroes.villain.VillainApplicationLifeCycle] (main)     \_/  |_|_|_|\__,_|_|_| |_|  /_/   \_\_|  |___|
2026-07-30 04:32:03,022 INFO  [io.quarkus.sample.superheroes.villain.VillainApplicationLifeCycle] (main) The application VILLAIN is starting with profile [prod]
2026-07-30 04:32:03,211 INFO  [io.quarkus] (main) rest-villains 1.0 on JVM (powered by Quarkus 3.37.3) started in 6.104s. Listening on: http://0.0.0.0:8084
2026-07-30 04:32:03,211 INFO  [io.quarkus] (main) Profile prod activated. 
2026-07-30 04:32:03,212 INFO  [io.quarkus] (main) Installed features: [agroal, basquin, cdi, hibernate-orm, hibernate-orm-panache, hibernate-validator, jdbc-postgresql, kubernetes, micrometer, narayana-jta, opentelemetry, qute, rest, rest-jackson, rest-qute, smallrye-context-propagation, smallrye-health, smallrye-openapi, swagger-ui, vertx]
