[INFO] Scanning for projects...
[basquin-injector] added org.jacoco:jacoco-maven-plugin:0.8.15:instrument (basquin-injected-offline-instrument) to fixture
[basquin-injector] instrumented fixture (com.basquin:basquin-quarkus:0.3.0 from http://localhost:8010/)
[INFO] 
[INFO] ---------------------< com.basquin.spike:fixture >----------------------
[INFO] Building fixture 1.0.0-SNAPSHOT
[INFO]   from pom.xml
[INFO] ------------------------------[ quarkus ]-------------------------------
[INFO] Downloading from central: https://repo.maven.apache.org/maven2/com/basquin/basquin-quarkus/0.3.0/basquin-quarkus-0.3.0.pom
[INFO] Downloading from basquin-injected: http://localhost:8010/com/basquin/basquin-quarkus/0.3.0/basquin-quarkus-0.3.0.pom
[INFO] Downloaded from basquin-injected: http://localhost:8010/com/basquin/basquin-quarkus/0.3.0/basquin-quarkus-0.3.0.pom (1.4 kB at 91 kB/s)
[INFO] Downloading from central: https://repo.maven.apache.org/maven2/com/basquin/basquin-core/0.3.0/basquin-core-0.3.0.pom
[INFO] Downloading from basquin-injected: http://localhost:8010/com/basquin/basquin-core/0.3.0/basquin-core-0.3.0.pom
[INFO] Downloaded from basquin-injected: http://localhost:8010/com/basquin/basquin-core/0.3.0/basquin-core-0.3.0.pom (1.3 kB at 94 kB/s)
[INFO] Downloading from central: https://repo.maven.apache.org/maven2/com/basquin/basquin-quarkus/0.3.0/basquin-quarkus-0.3.0.jar
[INFO] Downloading from central: https://repo.maven.apache.org/maven2/com/basquin/basquin-core/0.3.0/basquin-core-0.3.0.jar
[INFO] Downloading from basquin-injected: http://localhost:8010/com/basquin/basquin-quarkus/0.3.0/basquin-quarkus-0.3.0.jar
[INFO] Downloaded from basquin-injected: http://localhost:8010/com/basquin/basquin-quarkus/0.3.0/basquin-quarkus-0.3.0.jar (12 kB at 730 kB/s)
[INFO] Downloading from basquin-injected: http://localhost:8010/com/basquin/basquin-core/0.3.0/basquin-core-0.3.0.jar
[INFO] Downloaded from basquin-injected: http://localhost:8010/com/basquin/basquin-core/0.3.0/basquin-core-0.3.0.jar (7.6 kB at 506 kB/s)
[INFO] 
[INFO] --- clean:3.2.0:clean (default-clean) @ fixture ---
[INFO] 
[INFO] --- resources:3.3.1:resources (default-resources) @ fixture ---
[INFO] Copying 1 resource from src/main/resources to target/classes
[INFO] 
[INFO] --- quarkus:3.37.3:generate-code (default-generate-code) @ fixture ---
[INFO] Downloading from central: https://repo.maven.apache.org/maven2/com/basquin/basquin-quarkus-deployment/0.3.0/basquin-quarkus-deployment-0.3.0.pom
[INFO] Downloading from basquin-injected: http://localhost:8010/com/basquin/basquin-quarkus-deployment/0.3.0/basquin-quarkus-deployment-0.3.0.pom
[INFO] Downloaded from basquin-injected: http://localhost:8010/com/basquin/basquin-quarkus-deployment/0.3.0/basquin-quarkus-deployment-0.3.0.pom (1.4 kB at 91 kB/s)
[INFO] Downloading from central: https://repo.maven.apache.org/maven2/com/basquin/basquin-quarkus-deployment/0.3.0/basquin-quarkus-deployment-0.3.0.jar
[INFO] Downloading from basquin-injected: http://localhost:8010/com/basquin/basquin-quarkus-deployment/0.3.0/basquin-quarkus-deployment-0.3.0.jar
[INFO] Downloaded from basquin-injected: http://localhost:8010/com/basquin/basquin-quarkus-deployment/0.3.0/basquin-quarkus-deployment-0.3.0.jar (2.1 kB at 138 kB/s)
[INFO] 
[INFO] --- compiler:3.15.0:compile (default-compile) @ fixture ---
[INFO] Recompiling the module because of changed source code.
[INFO] Compiling 6 source files with javac [debug parameters release 25] to target/classes
[INFO] 
[INFO] --- jacoco:0.8.15:instrument (basquin-injected-offline-instrument) @ fixture ---
[INFO] 
[INFO] --- resources:3.3.1:testResources (default-testResources) @ fixture ---
[INFO] skip non existing resourceDirectory /w/src/test/resources
[INFO] 
[INFO] --- quarkus:3.37.3:generate-code-tests (default-generate-code-tests) @ fixture ---
[INFO] 
[INFO] --- compiler:3.15.0:testCompile (default-testCompile) @ fixture ---
[INFO] No sources to compile
[INFO] 
[INFO] --- surefire:3.5.6:test (default-test) @ fixture ---
[INFO] Tests are skipped.
[INFO] 
[INFO] --- quarkus:3.37.3:build (default-build) @ fixture ---
[INFO] [io.quarkus.deployment.QuarkusAugmentor] Quarkus augmentation completed in 886ms
[INFO] ------------------------------------------------------------------------
[INFO] BUILD SUCCESS
[INFO] ------------------------------------------------------------------------
[INFO] Total time:  4.554 s
[INFO] Finished at: 2026-08-11T13:06:40Z
[INFO] ------------------------------------------------------------------------
