[INFO] Scanning for projects...
[basquin-injector] added org.jacoco:jacoco-maven-plugin:0.8.15:instrument (basquin-injected-offline-instrument) to fixture
[basquin-injector] instrumented fixture (com.basquin:basquin-quarkus:0.3.0 from http://localhost:8010/)
[INFO] 
[INFO] ---------------------< com.basquin.spike:fixture >----------------------
[INFO] Building fixture 1.0.0-SNAPSHOT
[INFO]   from pom.xml
[INFO] ------------------------------[ quarkus ]-------------------------------
[INFO] 
[INFO] --- clean:3.2.0:clean (default-clean) @ fixture ---
[INFO] Deleting /w/target
[INFO] 
[INFO] --- resources:3.3.1:resources (default-resources) @ fixture ---
[INFO] Copying 1 resource from src/main/resources to target/classes
[INFO] 
[INFO] --- quarkus:3.37.3:generate-code (default-generate-code) @ fixture ---
[INFO] 
[INFO] --- compiler:3.15.0:compile (default-compile) @ fixture ---
[INFO] Recompiling the module because of changed source code.
[INFO] Compiling 6 source files with javac [debug parameters release 25] to target/classes
[INFO] 
[INFO] --- jacoco:0.8.15:instrument (basquin-injected-offline-instrument) @ fixture ---
[INFO] 
[INFO] --- resources:3.3.1:testResources (default-testResources) @ fixture ---
[INFO] skip non existing resourceDirectory /w/src/test/resources
[INFO] 
[INFO] --- quarkus:3.37.3:generate-code-tests (default-generate-code-tests) @ fixture ---
[INFO] 
[INFO] --- compiler:3.15.0:testCompile (default-testCompile) @ fixture ---
[INFO] No sources to compile
[INFO] 
[INFO] --- surefire:3.5.6:test (default-test) @ fixture ---
[INFO] Tests are skipped.
[INFO] 
[INFO] --- quarkus:3.37.3:build (default-build) @ fixture ---
[INFO] [io.quarkus.deployment.pkg.jar.NativeImageSourceJarBuilder] Building native image source jar: /w/target/fixture-1.0.0-SNAPSHOT-native-image-source-jar/fixture-1.0.0-SNAPSHOT-runner.jar
[INFO] [io.quarkus.deployment.pkg.steps.NativeImageBuildStep] Building native image from /w/target/fixture-1.0.0-SNAPSHOT-native-image-source-jar/fixture-1.0.0-SNAPSHOT-runner.jar
[INFO] [io.quarkus.deployment.pkg.steps.NativeImageBuildStep] Running Quarkus native-image plugin on MANDREL 25.0.3.0 JDK 25.0.3+9-LTS
[INFO] [io.quarkus.deployment.pkg.steps.NativeImageBuildRunner] /opt/mandrel/bin/native-image -J-Djava.util.logging.manager=org.jboss.logmanager.LogManager -J-Dsun.nio.ch.maxUpdateArraySize=100 -J-Dvertx.logger-delegate-factory-class-name=io.quarkus.vertx.core.runtime.VertxLogDelegateFactory -J-Dvertx.disableDnsResolver=true -J-Dio.netty.tryReflectionSetAccessible=true -J-Dio.netty.noUnsafe=false -J-Dio.netty.leakDetection.level=DISABLED -J-Dio.netty.allocator.maxOrder=3 -J-Dquarkus.native.monitoring=jfr -J-Duser.language=en -J-Duser.country=US -J-Dlogging.initial-configurator.min-level=500 -H:+UnlockExperimentalVMOptions -H:IncludeLocales=en-US -H:-UnlockExperimentalVMOptions --enable-native-access=ALL-UNNAMED -J-Dfile.encoding=UTF-8 -J--add-exports=org.graalvm.nativeimage.builder/com.oracle.svm.core.jdk=ALL-UNNAMED --features=io.quarkus.runner.Feature,io.quarkus.runtime.graal.DisableLoggingFeature,io.quarkus.runtime.graal.JVMChecksFeature,io.quarkus.runtime.graal.SkipConsoleServiceProvidersFeature -J--add-exports=java.security.jgss/sun.security.krb5=ALL-UNNAMED -J--add-exports=java.security.jgss/sun.security.jgss=ALL-UNNAMED -J--add-opens=java.base/java.text=ALL-UNNAMED -J--add-opens=java.base/java.io=ALL-UNNAMED -J--add-opens=java.base/java.lang.invoke=ALL-UNNAMED -J--add-opens=java.base/java.util=ALL-UNNAMED -H:+UnlockExperimentalVMOptions -H:BuildOutputJSONFile=fixture-1.0.0-SNAPSHOT-runner-build-output-stats.json -H:-UnlockExperimentalVMOptions -H:+UnlockExperimentalVMOptions -H:+GenerateBuildArtifactsFile -H:-UnlockExperimentalVMOptions -H:+UnlockExperimentalVMOptions -H:+AllowFoldMethods -H:-UnlockExperimentalVMOptions -J-Djava.awt.headless=true --no-fallback --link-at-build-time -H:+UnlockExperimentalVMOptions -H:+ReportExceptionStackTraces -H:-UnlockExperimentalVMOptions -H:-AddAllCharsets --enable-url-protocols=http -H:NativeLinkerOption=-no-pie --enable-monitoring=jfr,heapdump,threaddump -H:+UnlockExperimentalVMOptions -H:-UseServiceLoaderFeature -H:-UnlockExperimentalVMOptions -J--add-exports=org.graalvm.nativeimage/org.graalvm.nativeimage.impl=ALL-UNNAMED --exclude-config io\.netty\.netty-codec /META-INF/native-image/io\.netty/netty-codec/generated/handlers/reflect-config\.json --exclude-config io\.netty\.netty-handler /META-INF/native-image/io\.netty/netty-handler/generated/handlers/reflect-config\.json fixture-1.0.0-SNAPSHOT-runner -jar fixture-1.0.0-SNAPSHOT-runner.jar
Warning: Option 'DynamicProxyConfigurationResources' is deprecated and might be removed in a future release: This can be caused by a proxy-config.json file in your META-INF directory. Consider including proxy configuration in the reflection section of reachability-metadata.md instead.. Please refer to the GraalVM release notes.
========================================================================================================================
GraalVM Native Image: Generating 'fixture-1.0.0-SNAPSHOT-runner' (executable)...
========================================================================================================================
For detailed information and explanations on the build output, visit:
https://github.com/oracle/graal/blob/master/docs/reference-manual/native-image/BuildOutput.md
------------------------------------------------------------------------------------------------------------------------
[1/8] Initializing...                                                                                    (3.2s @ 0.17GB)
 Java version: 25.0.3+9-LTS, vendor version: Mandrel-25.0.3.0-Final
 Graal compiler: optimization level: 2, target machine: x86-64-v3
 C compiler: gcc (redhat, x86_64, 11.5.0)
 Garbage collector: Serial GC (max heap size: 80% of RAM)
 5 user-specific feature(s):
 - com.oracle.svm.thirdparty.gson.GsonFeature
 - io.quarkus.runner.Feature: Auto-generated class by Quarkus from the existing extensions
 - io.quarkus.runtime.graal.DisableLoggingFeature: Adapts logging during the analysis phase
 - io.quarkus.runtime.graal.JVMChecksFeature
 - io.quarkus.runtime.graal.SkipConsoleServiceProvidersFeature: Skip unsupported console service providers when quarkus.native.auto-service-loader-registration is false
------------------------------------------------------------------------------------------------------------------------
 5 experimental option(s) unlocked:
 - '-H:+AllowFoldMethods' (origin(s): command line)
 - '-H:BuildOutputJSONFile' (origin(s): command line)
 - '-H:-UseServiceLoaderFeature' (origin(s): command line)
 - '-H:+GenerateBuildArtifactsFile' (origin(s): command line)
 - '-H:AddOpens' (alternative API option(s): --add-opens java.base/java.lang=ALL-UNNAMED, --add-opens java.base/java.nio=ALL-UNNAMED, --add-opens java.base/jdk.internal.misc=ALL-UNNAMED; origin(s): command line)
------------------------------------------------------------------------------------------------------------------------
Build resources:
 - 12.67GB of memory (75.6% of system memory, in container)
 - 8 thread(s) (100.0% of 8 available processor(s), determined at start)
[2/8] Performing analysis...  [*****]                                                                   (11.6s @ 1.16GB)
   12,036 types,  16,827 fields, and  59,627 methods found reachable
    3,883 types,     101 fields, and   4,445 methods registered for reflection
       63 types,      69 fields, and      55 methods registered for JNI access
        0 downcalls and 0 upcalls registered for foreign access
        5 native libraries: dl, m, pthread, rt, z
[3/8] Building universe...                                                                               (1.6s @ 1.49GB)
[4/8] Parsing methods...      [*]                                                                        (1.2s @ 1.77GB)
[5/8] Inlining methods...     [***]                                                                      (0.7s @ 1.79GB)
[6/8] Compiling methods...    [***]                                                                     (10.0s @ 1.18GB)
[7/8] Laying out methods...   [**]                                                                       (2.0s @ 1.46GB)
[8/8] Creating image...       [**]                                                                       (2.2s @ 1.65GB)
  24.66MB (42.26%) for code area:    39,265 compilation units
  29.82MB (51.11%) for image heap:  348,511 objects and 67 resources
   3.86MB ( 6.62%) for other data
  58.34MB in total image size, 54.86MB in total file size
------------------------------------------------------------------------------------------------------------------------
Top 10 origins of code area:                                Top 10 object types in image heap:
  12.85MB java.base                                            7.14MB byte[] for code metadata
   2.00MB svm.jar (Native Image)                               5.07MB byte[] for java.lang.String
   1.09MB jdk.jfr                                              3.21MB java.lang.String
   1.03MB fixture-1.0.0-SNAPSHOT-runner.jar                    2.50MB com.oracle.svm.core.hub.DynamicHubCompanion
 791.61kB modified-io.vertx.vertx-core-4.5.28.jar              1.72MB java.lang.Class
 625.63kB io.netty.netty-buffer-4.1.135.Final.jar              1.31MB byte[] for general heap data
 450.16kB modified-io.netty.netty-common-4.1.135.Final.jar   586.82kB java.lang.String[]
 403.73kB io.netty.netty-codec-http-4.1.135.Final.jar        571.05kB java.lang.Object[]
 373.01kB io.netty.netty-codec-http2-4.1.135.Final.jar       564.89kB heap alignment
 352.46kB io.quarkus.quarkus-vertx-http-3.37.3.jar           558.86kB java.util.HashMap$Node
   4.10MB for 83 more packages                                 6.58MB for 3109 more object types
------------------------------------------------------------------------------------------------------------------------
Recommendations:
 FUTR: Use '--future-defaults=all' to prepare for future releases.
 HEAP: Set max heap for improved and more predictable memory usage.
 CPU:  Enable more CPU features with '-march=native' for improved performance.
------------------------------------------------------------------------------------------------------------------------
                        2.9s (8.4% of total time) in 528 GCs | Peak RSS: 2.58GB | CPU load: 5.94
------------------------------------------------------------------------------------------------------------------------
Build artifacts:
 /w/target/fixture-1.0.0-SNAPSHOT-native-image-source-jar/build-artifacts.json (build_info)
 /w/target/fixture-1.0.0-SNAPSHOT-native-image-source-jar/fixture-1.0.0-SNAPSHOT-runner (executable)
 /w/target/fixture-1.0.0-SNAPSHOT-native-image-source-jar/fixture-1.0.0-SNAPSHOT-runner-build-output-stats.json (build_info)
========================================================================================================================
Finished generating 'fixture-1.0.0-SNAPSHOT-runner' in 33.6s.
[INFO] [io.quarkus.deployment.pkg.steps.NativeImageBuildRunner] objcopy --strip-debug fixture-1.0.0-SNAPSHOT-runner
[INFO] [io.quarkus.deployment.QuarkusAugmentor] Quarkus augmentation completed in 37198ms
[INFO] ------------------------------------------------------------------------
[INFO] BUILD SUCCESS
[INFO] ------------------------------------------------------------------------
[INFO] Total time:  39.199 s
[INFO] Finished at: 2026-08-11T13:14:23Z
[INFO] ------------------------------------------------------------------------
