__  ____  __  _____   ___  __ ____  ______ 
 --/ __ \/ / / / _ | / _ \/ //_/ / / / __/ 
 -/ /_/ / /_/ / __ |/ , _/ ,< / /_/ /\ \   
--\___\_\____/_/ |_/_/|_/_/|_|\____/___/   
2026-08-11 09:14:43,281 INFO  [io.quarkus] (main) fixture 1.0.0-SNAPSHOT native (powered by Quarkus 3.37.3) started in 0.018s. Listening on: http://0.0.0.0:8080
2026-08-11 09:14:43,281 INFO  [io.quarkus] (main) Profile prod activated. 
2026-08-11 09:14:43,281 INFO  [io.quarkus] (main) Installed features: [basquin, cdi, rest, smallrye-context-propagation, vertx]
[PROBE] id=probe-119717433888662 path=/jfr/stats status=200 succeeded=true cause=- ms=0
[PROBE] id=probe-119732675682062 path=/ok status=200 succeeded=true cause=- ms=0
[PROBE] id=probe-119732679814915 path=/ok status=200 succeeded=true cause=- ms=0
[PROBE] id=probe-119732683880913 path=/jfr/stats status=200 succeeded=true cause=- ms=0
[PROBE] id=probe-119732688222178 path=/probe/m4 status=200 succeeded=true cause=- ms=2
[PROBE] id=probe-119732694723522 path=/probe/gc status=200 succeeded=true cause=- ms=21
[PROBE] id=probe-119732720192531 path=/probe/gc status=200 succeeded=true cause=- ms=5
[PROBE] id=probe-119735731972159 path=/jfr/stats status=200 succeeded=true cause=- ms=0
[PROBE] id=probe-119755739274184 path=/jfr/stats status=200 succeeded=true cause=- ms=0
[PROBE] id=probe-119755745594158 path=/ok status=200 succeeded=true cause=- ms=0
[PROBE] id=probe-119755749435880 path=/ok status=200 succeeded=true cause=- ms=0
[PROBE] id=probe-119755753279405 path=/ok status=200 succeeded=true cause=- ms=0
[PROBE] id=probe-119755757094308 path=/ok status=200 succeeded=true cause=- ms=0
[PROBE] id=probe-119755760816140 path=/ok status=200 succeeded=true cause=- ms=0
[PROBE] id=probe-119755764568193 path=/ok status=200 succeeded=true cause=- ms=0
[PROBE] id=probe-119755768296332 path=/ok status=200 succeeded=true cause=- ms=0
[PROBE] id=probe-119755772061677 path=/ok status=200 succeeded=true cause=- ms=0
[PROBE] id=probe-119755775925391 path=/ok status=200 succeeded=true cause=- ms=0
[PROBE] id=probe-119755779649843 path=/ok status=200 succeeded=true cause=- ms=0
[PROBE] id=probe-119755783312725 path=/ok status=200 succeeded=true cause=- ms=0
[PROBE] id=probe-119755787475710 path=/ok status=200 succeeded=true cause=- ms=0
[PROBE] id=probe-119755791242443 path=/ok status=200 succeeded=true cause=- ms=0
[PROBE] id=probe-119755794875334 path=/ok status=200 succeeded=true cause=- ms=0
[PROBE] id=probe-119755798547424 path=/ok status=200 succeeded=true cause=- ms=0
[PROBE] id=probe-119755802191365 path=/ok status=200 succeeded=true cause=- ms=0
[PROBE] id=probe-119755805828759 path=/ok status=200 succeeded=true cause=- ms=0
[PROBE] id=probe-119755809619710 path=/ok status=200 succeeded=true cause=- ms=0
[PROBE] id=probe-119755813333674 path=/ok status=200 succeeded=true cause=- ms=0
[PROBE] id=probe-119755816926124 path=/ok status=200 succeeded=true cause=- ms=0
[PROBE] id=probe-119755820518145 path=/ok status=200 succeeded=true cause=- ms=0
[PROBE] id=probe-119755824261669 path=/ok status=200 succeeded=true cause=- ms=0
[PROBE] id=probe-119755827885149 path=/ok status=200 succeeded=true cause=- ms=0
[PROBE] id=probe-119755831522731 path=/ok status=200 succeeded=true cause=- ms=0
[PROBE] id=probe-119755835269324 path=/ok status=200 succeeded=true cause=- ms=0
[PROBE] id=probe-119755838936465 path=/ok status=200 succeeded=true cause=- ms=0
[PROBE] id=probe-119755842594037 path=/ok status=200 succeeded=true cause=- ms=0
[PROBE] id=probe-119755846216668 path=/ok status=200 succeeded=true cause=- ms=0
[PROBE] id=probe-119755849872697 path=/ok status=200 succeeded=true cause=- ms=0
[PROBE] id=probe-119755853527701 path=/ok status=200 succeeded=true cause=- ms=0
[PROBE] id=probe-119755857255361 path=/ok status=200 succeeded=true cause=- ms=0
[PROBE] id=probe-119755860970876 path=/ok status=200 succeeded=true cause=- ms=0
[PROBE] id=probe-119755864612166 path=/ok status=200 succeeded=true cause=- ms=0
[PROBE] id=probe-119755868290397 path=/ok status=200 succeeded=true cause=- ms=0
[PROBE] id=probe-119755871876820 path=/ok status=200 succeeded=true cause=- ms=0
[PROBE] id=probe-119755875589431 path=/ok status=200 succeeded=true cause=- ms=0
[PROBE] id=probe-119755879218722 path=/ok status=200 succeeded=true cause=- ms=0
[PROBE] id=probe-119755882791864 path=/ok status=200 succeeded=true cause=- ms=0
[PROBE] id=probe-119755886472374 path=/ok status=200 succeeded=true cause=- ms=0
[PROBE] id=probe-119755890058817 path=/ok status=200 succeeded=true cause=- ms=0
[PROBE] id=probe-119755893662928 path=/ok status=200 succeeded=true cause=- ms=0
[PROBE] id=probe-119755897239020 path=/ok status=200 succeeded=true cause=- ms=0
[PROBE] id=probe-119755900894371 path=/ok status=200 succeeded=true cause=- ms=0
[PROBE] id=probe-119755904776604 path=/ok status=200 succeeded=true cause=- ms=0
[PROBE] id=probe-119755908507923 path=/ok status=200 succeeded=true cause=- ms=0
[PROBE] id=probe-119755912225089 path=/ok status=200 succeeded=true cause=- ms=0
[PROBE] id=probe-119755915832847 path=/ok status=200 succeeded=true cause=- ms=0
[PROBE] id=probe-119755919466841 path=/ok status=200 succeeded=true cause=- ms=0
[PROBE] id=probe-119755923330644 path=/ok status=200 succeeded=true cause=- ms=0
[PROBE] id=probe-119755926954286 path=/ok status=200 succeeded=true cause=- ms=0
[PROBE] id=probe-119758932636628 path=/jfr/stats status=200 succeeded=true cause=- ms=0
[PROBE] id=probe-119758938824950 path=/__basquin/control/defect/alloc status=200 succeeded=true cause=- ms=1
[PROBE] id=probe-119758944112761 path=/__basquin/control/defect/alloc status=200 succeeded=true cause=- ms=1
[PROBE] id=probe-119758949302397 path=/__basquin/control/defect/alloc status=200 succeeded=true cause=- ms=1
[PROBE] id=probe-119758954398170 path=/__basquin/control/defect/alloc status=200 succeeded=true cause=- ms=1
[PROBE] id=probe-119758959801865 path=/__basquin/control/defect/alloc status=200 succeeded=true cause=- ms=1
[PROBE] id=probe-119758964917378 path=/__basquin/control/defect/alloc status=200 succeeded=true cause=- ms=1
[PROBE] id=probe-119758970065721 path=/__basquin/control/defect/alloc status=200 succeeded=true cause=- ms=1
[PROBE] id=probe-119758975094874 path=/__basquin/control/defect/alloc status=200 succeeded=true cause=- ms=1
[PROBE] id=probe-119758980263827 path=/__basquin/control/defect/alloc status=200 succeeded=true cause=- ms=1
[PROBE] id=probe-119758985243105 path=/__basquin/control/defect/alloc status=200 succeeded=true cause=- ms=1
[PROBE] id=probe-119758990359261 path=/__basquin/control/defect/alloc status=200 succeeded=true cause=- ms=1
[PROBE] id=probe-119758996062498 path=/__basquin/control/defect/alloc status=200 succeeded=true cause=- ms=5
[PROBE] id=probe-119759005514225 path=/__basquin/control/defect/alloc status=200 succeeded=true cause=- ms=2
[PROBE] id=probe-119759012411946 path=/__basquin/control/defect/alloc status=200 succeeded=true cause=- ms=2
[PROBE] id=probe-119759019080791 path=/__basquin/control/defect/alloc status=200 succeeded=true cause=- ms=3
[PROBE] id=probe-119759026281783 path=/__basquin/control/defect/alloc status=200 succeeded=true cause=- ms=3
[PROBE] id=probe-119759033150300 path=/__basquin/control/defect/alloc status=200 succeeded=true cause=- ms=2
[PROBE] id=probe-119759039794863 path=/__basquin/control/defect/alloc status=200 succeeded=true cause=- ms=2
[PROBE] id=probe-119759046416161 path=/__basquin/control/defect/alloc status=200 succeeded=true cause=- ms=2
[PROBE] id=probe-119759053235398 path=/__basquin/control/defect/alloc status=200 succeeded=true cause=- ms=2
[PROBE] id=probe-119759059747723 path=/__basquin/control/defect/alloc status=200 succeeded=true cause=- ms=2
[PROBE] id=probe-119759067032684 path=/__basquin/control/defect/alloc status=200 succeeded=true cause=- ms=2
[PROBE] id=probe-119759073701409 path=/__basquin/control/defect/alloc status=200 succeeded=true cause=- ms=2
[PROBE] id=probe-119759080289586 path=/__basquin/control/defect/alloc status=200 succeeded=true cause=- ms=3
[PROBE] id=probe-119759087211230 path=/__basquin/control/defect/alloc status=200 succeeded=true cause=- ms=2
[PROBE] id=probe-119759093903810 path=/__basquin/control/defect/alloc status=200 succeeded=true cause=- ms=2
[PROBE] id=probe-119759099885029 path=/__basquin/control/defect/alloc status=200 succeeded=true cause=- ms=2
[PROBE] id=probe-119759106425734 path=/__basquin/control/defect/alloc status=200 succeeded=true cause=- ms=3
[PROBE] id=probe-119759113367062 path=/__basquin/control/defect/alloc status=200 succeeded=true cause=- ms=2
[PROBE] id=probe-119759120345531 path=/__basquin/control/defect/alloc status=200 succeeded=true cause=- ms=2
[PROBE] id=probe-119759127027636 path=/__basquin/control/defect/alloc status=200 succeeded=true cause=- ms=2
[PROBE] id=probe-119759133657712 path=/__basquin/control/defect/alloc status=200 succeeded=true cause=- ms=2
[PROBE] id=probe-119759140226217 path=/__basquin/control/defect/alloc status=200 succeeded=true cause=- ms=2
[PROBE] id=probe-119759147613049 path=/__basquin/control/defect/alloc status=200 succeeded=true cause=- ms=2
[PROBE] id=probe-119759154973361 path=/__basquin/control/defect/alloc status=200 succeeded=true cause=- ms=2
[PROBE] id=probe-119759161679805 path=/__basquin/control/defect/alloc status=200 succeeded=true cause=- ms=5
[PROBE] id=probe-119759171025963 path=/__basquin/control/defect/alloc status=200 succeeded=true cause=- ms=2
[PROBE] id=probe-119759177239548 path=/__basquin/control/defect/alloc status=200 succeeded=true cause=- ms=2
[PROBE] id=probe-119759183898381 path=/__basquin/control/defect/alloc status=200 succeeded=true cause=- ms=2
[PROBE] id=probe-119759190553499 path=/__basquin/control/defect/alloc status=200 succeeded=true cause=- ms=2
[PROBE] id=probe-119759197241873 path=/__basquin/control/defect/alloc status=200 succeeded=true cause=- ms=2
[PROBE] id=probe-119759203854840 path=/__basquin/control/defect/alloc status=200 succeeded=true cause=- ms=1
[PROBE] id=probe-119759208961394 path=/__basquin/control/defect/alloc status=200 succeeded=true cause=- ms=2
[PROBE] id=probe-119759215426557 path=/__basquin/control/defect/alloc status=200 succeeded=true cause=- ms=2
[PROBE] id=probe-119759221392215 path=/__basquin/control/defect/alloc status=200 succeeded=true cause=- ms=2
[PROBE] id=probe-119759227369237 path=/__basquin/control/defect/alloc status=200 succeeded=true cause=- ms=2
[PROBE] id=probe-119759234017193 path=/__basquin/control/defect/alloc status=200 succeeded=true cause=- ms=2
[PROBE] id=probe-119759240859701 path=/__basquin/control/defect/alloc status=200 succeeded=true cause=- ms=2
[PROBE] id=probe-119759247390275 path=/__basquin/control/defect/alloc status=200 succeeded=true cause=- ms=2
[PROBE] id=probe-119759253970251 path=/__basquin/control/defect/alloc status=200 succeeded=true cause=- ms=2
[PROBE] id=probe-119762262745153 path=/jfr/stats status=200 succeeded=true cause=- ms=0
[PROBE] id=probe-119782269729514 path=/jfr/stats status=200 succeeded=true cause=- ms=0
[PROBE] id=probe-119782274763257 path=/jfr/dump status=200 succeeded=true cause=- ms=7
[PROBE] id=probe-119928344431869 path=/probe/gc status=200 succeeded=true cause=- ms=4
2026-08-11 09:18:18,197 INFO  [io.quarkus] (Shutdown thread) fixture stopped in 0.004s
