[INFO] Scanning for projects...
[INFO] 
[INFO] ---------------------< com.basquin.spike:fixture >----------------------
[INFO] Building fixture 1.0.0-SNAPSHOT
[INFO]   from pom.xml
[INFO] ------------------------------[ quarkus ]-------------------------------
[INFO] 
[INFO] --- resources:3.3.1:resources (default-resources) @ fixture ---
[INFO] Copying 1 resource from src/main/resources to target/classes
[INFO] 
[INFO] --- quarkus:3.37.3:generate-code (default-generate-code) @ fixture ---
[INFO] 
[INFO] --- compiler:3.15.0:compile (default-compile) @ fixture ---
[INFO] Recompiling the module because of changed source code.
[INFO] Compiling 4 source files with javac [debug parameters release 25] to target/classes
[INFO] 
[INFO] --- resources:3.3.1:testResources (default-testResources) @ fixture ---
[INFO] skip non existing resourceDirectory /w/src/test/resources
[INFO] 
[INFO] --- quarkus:3.37.3:generate-code-tests (default-generate-code-tests) @ fixture ---
[INFO] 
[INFO] --- compiler:3.15.0:testCompile (default-testCompile) @ fixture ---
[INFO] No sources to compile
[INFO] 
[INFO] --- surefire:3.5.6:test (default-test) @ fixture ---
[INFO] Tests are skipped.
[INFO] 
[INFO] --- quarkus:3.37.3:build (default-build) @ fixture ---
[INFO] [io.quarkus.deployment.pkg.jar.NativeImageSourceJarBuilder] Building native image source jar: /w/target/fixture-1.0.0-SNAPSHOT-native-image-source-jar/fixture-1.0.0-SNAPSHOT-runner.jar
[INFO] [io.quarkus.deployment.pkg.steps.NativeImageBuildStep] Building native image from /w/target/fixture-1.0.0-SNAPSHOT-native-image-source-jar/fixture-1.0.0-SNAPSHOT-runner.jar
[INFO] [io.quarkus.deployment.pkg.steps.NativeImageBuildStep] Running Quarkus native-image plugin on MANDREL 25.0.3.0 JDK 25.0.3+9-LTS
[INFO] [io.quarkus.deployment.pkg.steps.NativeImageBuildRunner] /opt/mandrel/bin/native-image -J-Djava.util.logging.manager=org.jboss.logmanager.LogManager -J-Dsun.nio.ch.maxUpdateArraySize=100 -J-Dvertx.logger-delegate-factory-class-name=io.quarkus.vertx.core.runtime.VertxLogDelegateFactory -J-Dvertx.disableDnsResolver=true -J-Dio.netty.tryReflectionSetAccessible=true -J-Dio.netty.noUnsafe=false -J-Dio.netty.leakDetection.level=DISABLED -J-Dio.netty.allocator.maxOrder=3 -J-Dquarkus.native.monitoring=jfr,nmt -J-Duser.language=en -J-Duser.country=US -J-Dlogging.initial-configurator.min-level=500 -H:+UnlockExperimentalVMOptions -H:IncludeLocales=en-US -H:-UnlockExperimentalVMOptions --enable-native-access=ALL-UNNAMED -J-Dfile.encoding=UTF-8 -J--add-exports=org.graalvm.nativeimage.builder/com.oracle.svm.core.jdk=ALL-UNNAMED --features=io.quarkus.runner.Feature,io.quarkus.runtime.graal.DisableLoggingFeature,io.quarkus.runtime.graal.JVMChecksFeature,io.quarkus.runtime.graal.SkipConsoleServiceProvidersFeature -J--add-exports=java.security.jgss/sun.security.krb5=ALL-UNNAMED -J--add-exports=java.security.jgss/sun.security.jgss=ALL-UNNAMED -J--add-opens=java.base/java.text=ALL-UNNAMED -J--add-opens=java.base/java.io=ALL-UNNAMED -J--add-opens=java.base/java.lang.invoke=ALL-UNNAMED -J--add-opens=java.base/java.util=ALL-UNNAMED -H:+UnlockExperimentalVMOptions -H:BuildOutputJSONFile=fixture-1.0.0-SNAPSHOT-runner-build-output-stats.json -H:-UnlockExperimentalVMOptions -H:+UnlockExperimentalVMOptions -H:+GenerateBuildArtifactsFile -H:-UnlockExperimentalVMOptions -H:+UnlockExperimentalVMOptions -H:+AllowFoldMethods -H:-UnlockExperimentalVMOptions -J-Djava.awt.headless=true --no-fallback --link-at-build-time -H:+UnlockExperimentalVMOptions -H:+ReportExceptionStackTraces -H:-UnlockExperimentalVMOptions -H:-AddAllCharsets --enable-url-protocols=http -H:NativeLinkerOption=-no-pie --enable-monitoring=jfr,nmt,heapdump,threaddump -H:+UnlockExperimentalVMOptions -H:-UseServiceLoaderFeature -H:-UnlockExperimentalVMOptions -J--add-exports=org.graalvm.nativeimage/org.graalvm.nativeimage.impl=ALL-UNNAMED --exclude-config io\.netty\.netty-codec /META-INF/native-image/io\.netty/netty-codec/generated/handlers/reflect-config\.json --exclude-config io\.netty\.netty-handler /META-INF/native-image/io\.netty/netty-handler/generated/handlers/reflect-config\.json fixture-1.0.0-SNAPSHOT-runner -jar fixture-1.0.0-SNAPSHOT-runner.jar
Warning: Option 'DynamicProxyConfigurationResources' is deprecated and might be removed in a future release: This can be caused by a proxy-config.json file in your META-INF directory. Consider including proxy configuration in the reflection section of reachability-metadata.md instead.. Please refer to the GraalVM release notes.
========================================================================================================================
GraalVM Native Image: Generating 'fixture-1.0.0-SNAPSHOT-runner' (executable)...
========================================================================================================================
For detailed information and explanations on the build output, visit:
https://github.com/oracle/graal/blob/master/docs/reference-manual/native-image/BuildOutput.md
------------------------------------------------------------------------------------------------------------------------
[1/8] Initializing...                                                                                    (6.7s @ 0.19GB)
 Java version: 25.0.3+9-LTS, vendor version: Mandrel-25.0.3.0-Final
 Graal compiler: optimization level: 2, target machine: x86-64-v3
 C compiler: gcc (redhat, x86_64, 11.5.0)
 Garbage collector: Serial GC (max heap size: 80% of RAM)
 5 user-specific feature(s):
 - com.oracle.svm.thirdparty.gson.GsonFeature
 - io.quarkus.runner.Feature: Auto-generated class by Quarkus from the existing extensions
 - io.quarkus.runtime.graal.DisableLoggingFeature: Adapts logging during the analysis phase
 - io.quarkus.runtime.graal.JVMChecksFeature
 - io.quarkus.runtime.graal.SkipConsoleServiceProvidersFeature: Skip unsupported console service providers when quarkus.native.auto-service-loader-registration is false
------------------------------------------------------------------------------------------------------------------------
 5 experimental option(s) unlocked:
 - '-H:+AllowFoldMethods' (origin(s): command line)
 - '-H:BuildOutputJSONFile' (origin(s): command line)
 - '-H:-UseServiceLoaderFeature' (origin(s): command line)
 - '-H:+GenerateBuildArtifactsFile' (origin(s): command line)
 - '-H:AddOpens' (alternative API option(s): --add-opens java.base/java.lang=ALL-UNNAMED, --add-opens java.base/java.nio=ALL-UNNAMED, --add-opens java.base/jdk.internal.misc=ALL-UNNAMED; origin(s): command line)
------------------------------------------------------------------------------------------------------------------------
Build resources:
 - 12.67GB of memory (75.6% of system memory, in container)
 - 8 thread(s) (100.0% of 8 available processor(s), determined at start)
[2/8] Performing analysis...  [*****]                                                                   (13.9s @ 1.22GB)
   11,970 types,  16,764 fields, and  59,395 methods found reachable
    3,870 types,     101 fields, and   4,444 methods registered for reflection
       63 types,      69 fields, and      55 methods registered for JNI access
        0 downcalls and 0 upcalls registered for foreign access
        5 native libraries: dl, m, pthread, rt, z
[3/8] Building universe...                                                                               (1.9s @ 1.44GB)
[4/8] Parsing methods...      [*]                                                                        (1.3s @ 1.53GB)
[5/8] Inlining methods...     [***]                                                                      (0.8s @ 1.75GB)
[6/8] Compiling methods...    [***]                                                                     (11.5s @ 1.09GB)
[7/8] Laying out methods...   [**]                                                                       (2.2s @ 1.44GB)
[8/8] Creating image...       [***]                                                                      (7.5s @ 1.72GB)
  24.54MB (42.50%) for code area:    39,103 compilation units
  29.29MB (50.74%) for image heap:  347,388 objects and 67 resources
   3.90MB ( 6.76%) for other data
  57.74MB in total image size, 54.22MB in total file size
------------------------------------------------------------------------------------------------------------------------
Top 10 origins of code area:                                Top 10 object types in image heap:
  12.82MB java.base                                            7.11MB byte[] for code metadata
   2.01MB svm.jar (Native Image)                               5.06MB byte[] for java.lang.String
   1.07MB jdk.jfr                                              3.20MB java.lang.String
 993.10kB fixture-1.0.0-SNAPSHOT-runner.jar                    2.49MB com.oracle.svm.core.hub.DynamicHubCompanion
 791.62kB modified-io.vertx.vertx-core-4.5.28.jar              1.71MB java.lang.Class
 625.57kB io.netty.netty-buffer-4.1.135.Final.jar              1.31MB byte[] for general heap data
 450.18kB modified-io.netty.netty-common-4.1.135.Final.jar   584.75kB java.lang.String[]
 403.73kB io.netty.netty-codec-http-4.1.135.Final.jar        569.70kB java.lang.Object[]
 373.01kB io.netty.netty-codec-http2-4.1.135.Final.jar       558.82kB java.util.HashMap$Node
 352.39kB io.quarkus.quarkus-vertx-http-3.37.3.jar           438.72kB c.o.svm.core.hub.DynamicHub$ReflectionMetadata
   4.04MB for 80 more packages                                 6.27MB for 3089 more object types
------------------------------------------------------------------------------------------------------------------------
Recommendations:
 FUTR: Use '--future-defaults=all' to prepare for future releases.
 HEAP: Set max heap for improved and more predictable memory usage.
 CPU:  Enable more CPU features with '-march=native' for improved performance.
------------------------------------------------------------------------------------------------------------------------
                        3.3s (6.8% of total time) in 589 GCs | Peak RSS: 2.58GB | CPU load: 4.86
------------------------------------------------------------------------------------------------------------------------
Build artifacts:
 /w/target/fixture-1.0.0-SNAPSHOT-native-image-source-jar/build-artifacts.json (build_info)
 /w/target/fixture-1.0.0-SNAPSHOT-native-image-source-jar/fixture-1.0.0-SNAPSHOT-runner (executable)
 /w/target/fixture-1.0.0-SNAPSHOT-native-image-source-jar/fixture-1.0.0-SNAPSHOT-runner-build-output-stats.json (build_info)
========================================================================================================================
Finished generating 'fixture-1.0.0-SNAPSHOT-runner' in 47.4s.
[INFO] [io.quarkus.deployment.pkg.steps.NativeImageBuildRunner] objcopy --strip-debug fixture-1.0.0-SNAPSHOT-runner
[INFO] [io.quarkus.deployment.QuarkusAugmentor] Quarkus augmentation completed in 140166ms
[INFO] ------------------------------------------------------------------------
[INFO] BUILD SUCCESS
[INFO] ------------------------------------------------------------------------
[INFO] Total time:  02:55 min
[INFO] Finished at: 2026-07-24T21:48:18Z
[INFO] ------------------------------------------------------------------------
EXIT:0
